Component: ARM Compiler 5.05 update 2 (build 169) Tool: armlink [4d0f33]

==============================================================================

Section Cross References

    startup_stm32f40_41xxx.o(RESET) refers to startup_stm32f40_41xxx.o(STACK) for __initial_sp
    startup_stm32f40_41xxx.o(RESET) refers to startup_stm32f40_41xxx.o(.text) for Reset_Handler
    startup_stm32f40_41xxx.o(RESET) refers to stm32f4xx_it.o(i.NMI_Handler) for NMI_Handler
    startup_stm32f40_41xxx.o(RESET) refers to stm32f4xx_it.o(i.HardFault_Handler) for HardFault_Handler
    startup_stm32f40_41xxx.o(RESET) refers to stm32f4xx_it.o(i.MemManage_Handler) for MemManage_Handler
    startup_stm32f40_41xxx.o(RESET) refers to stm32f4xx_it.o(i.BusFault_Handler) for BusFault_Handler
    startup_stm32f40_41xxx.o(RESET) refers to stm32f4xx_it.o(i.UsageFault_Handler) for UsageFault_Handler
    startup_stm32f40_41xxx.o(RESET) refers to stm32f4xx_it.o(i.SVC_Handler) for SVC_Handler
    startup_stm32f40_41xxx.o(RESET) refers to stm32f4xx_it.o(i.DebugMon_Handler) for DebugMon_Handler
    startup_stm32f40_41xxx.o(RESET) refers to stm32f4xx_it.o(i.PendSV_Handler) for PendSV_Handler
    startup_stm32f40_41xxx.o(RESET) refers to stm32f4xx_it.o(i.SysTick_Handler) for SysTick_Handler
    startup_stm32f40_41xxx.o(RESET) refers to usart.o(i.USART1_IRQHandler) for USART1_IRQHandler
    startup_stm32f40_41xxx.o(.text) refers to system_stm32f4xx.o(i.SystemInit) for SystemInit
    startup_stm32f40_41xxx.o(.text) refers to entry.o(.ARM.Collect$$$$00000000) for __main
    system_stm32f4xx.o(i.SystemCoreClockUpdate) refers to system_stm32f4xx.o(.data) for SystemCoreClock
    system_stm32f4xx.o(i.SystemInit) refers to system_stm32f4xx.o(i.SetSysClock) for SetSysClock
    stm32f4xx_adc.o(i.ADC_DeInit) refers to stm32f4xx_rcc.o(i.RCC_APB2PeriphResetCmd) for RCC_APB2PeriphResetCmd
    stm32f4xx_can.o(i.CAN_DeInit) refers to stm32f4xx_rcc.o(i.RCC_APB1PeriphResetCmd) for RCC_APB1PeriphResetCmd
    stm32f4xx_can.o(i.CAN_GetITStatus) refers to stm32f4xx_can.o(i.CheckITStatus) for CheckITStatus
    stm32f4xx_cryp.o(i.CRYP_DeInit) refers to stm32f4xx_rcc.o(i.RCC_AHB2PeriphResetCmd) for RCC_AHB2PeriphResetCmd
    stm32f4xx_cryp_aes.o(i.CRYP_AES_CBC) refers to stm32f4xx_cryp.o(i.CRYP_KeyStructInit) for CRYP_KeyStructInit
    stm32f4xx_cryp_aes.o(i.CRYP_AES_CBC) refers to stm32f4xx_cryp.o(i.CRYP_FIFOFlush) for CRYP_FIFOFlush
    stm32f4xx_cryp_aes.o(i.CRYP_AES_CBC) refers to stm32f4xx_cryp.o(i.CRYP_Init) for CRYP_Init
    stm32f4xx_cryp_aes.o(i.CRYP_AES_CBC) refers to stm32f4xx_cryp.o(i.CRYP_KeyInit) for CRYP_KeyInit
    stm32f4xx_cryp_aes.o(i.CRYP_AES_CBC) refers to stm32f4xx_cryp.o(i.CRYP_Cmd) for CRYP_Cmd
    stm32f4xx_cryp_aes.o(i.CRYP_AES_CBC) refers to stm32f4xx_cryp.o(i.CRYP_GetFlagStatus) for CRYP_GetFlagStatus
    stm32f4xx_cryp_aes.o(i.CRYP_AES_CBC) refers to stm32f4xx_cryp.o(i.CRYP_IVInit) for CRYP_IVInit
    stm32f4xx_cryp_aes.o(i.CRYP_AES_CBC) refers to stm32f4xx_cryp.o(i.CRYP_GetCmdStatus) for CRYP_GetCmdStatus
    stm32f4xx_cryp_aes.o(i.CRYP_AES_CBC) refers to stm32f4xx_cryp.o(i.CRYP_DataIn) for CRYP_DataIn
    stm32f4xx_cryp_aes.o(i.CRYP_AES_CBC) refers to stm32f4xx_cryp.o(i.CRYP_DataOut) for CRYP_DataOut
    stm32f4xx_cryp_aes.o(i.CRYP_AES_CCM) refers to stm32f4xx_cryp.o(i.CRYP_KeyStructInit) for CRYP_KeyStructInit
    stm32f4xx_cryp_aes.o(i.CRYP_AES_CCM) refers to stm32f4xx_cryp.o(i.CRYP_FIFOFlush) for CRYP_FIFOFlush
    stm32f4xx_cryp_aes.o(i.CRYP_AES_CCM) refers to stm32f4xx_cryp.o(i.CRYP_KeyInit) for CRYP_KeyInit
    stm32f4xx_cryp_aes.o(i.CRYP_AES_CCM) refers to stm32f4xx_cryp.o(i.CRYP_IVInit) for CRYP_IVInit
    stm32f4xx_cryp_aes.o(i.CRYP_AES_CCM) refers to stm32f4xx_cryp.o(i.CRYP_Init) for CRYP_Init
    stm32f4xx_cryp_aes.o(i.CRYP_AES_CCM) refers to stm32f4xx_cryp.o(i.CRYP_PhaseConfig) for CRYP_PhaseConfig
    stm32f4xx_cryp_aes.o(i.CRYP_AES_CCM) refers to stm32f4xx_cryp.o(i.CRYP_DataIn) for CRYP_DataIn
    stm32f4xx_cryp_aes.o(i.CRYP_AES_CCM) refers to stm32f4xx_cryp.o(i.CRYP_Cmd) for CRYP_Cmd
    stm32f4xx_cryp_aes.o(i.CRYP_AES_CCM) refers to stm32f4xx_cryp.o(i.CRYP_GetCmdStatus) for CRYP_GetCmdStatus
    stm32f4xx_cryp_aes.o(i.CRYP_AES_CCM) refers to stm32f4xx_cryp.o(i.CRYP_GetFlagStatus) for CRYP_GetFlagStatus
    stm32f4xx_cryp_aes.o(i.CRYP_AES_CCM) refers to stm32f4xx_cryp.o(i.CRYP_DataOut) for CRYP_DataOut
    stm32f4xx_cryp_aes.o(i.CRYP_AES_CTR) refers to stm32f4xx_cryp.o(i.CRYP_KeyStructInit) for CRYP_KeyStructInit
    stm32f4xx_cryp_aes.o(i.CRYP_AES_CTR) refers to stm32f4xx_cryp.o(i.CRYP_KeyInit) for CRYP_KeyInit
    stm32f4xx_cryp_aes.o(i.CRYP_AES_CTR) refers to stm32f4xx_cryp.o(i.CRYP_Init) for CRYP_Init
    stm32f4xx_cryp_aes.o(i.CRYP_AES_CTR) refers to stm32f4xx_cryp.o(i.CRYP_IVInit) for CRYP_IVInit
    stm32f4xx_cryp_aes.o(i.CRYP_AES_CTR) refers to stm32f4xx_cryp.o(i.CRYP_FIFOFlush) for CRYP_FIFOFlush
[...]
    ..\Libraries\FWLIB\src\stm32f4xx_dma.c   0x00000000   Number         0  stm32f4xx_dma.o ABSOLUTE
    ..\Libraries\FWLIB\src\stm32f4xx_dma2d.c 0x00000000   Number         0  stm32f4xx_dma2d.o ABSOLUTE
    ..\Libraries\FWLIB\src\stm32f4xx_exti.c  0x00000000   Number         0  stm32f4xx_exti.o ABSOLUTE
    ..\Libraries\FWLIB\src\stm32f4xx_flash.c 0x00000000   Number         0  stm32f4xx_flash.o ABSOLUTE
    ..\Libraries\FWLIB\src\stm32f4xx_flash_ramfunc.c 0x00000000   Number         0  stm32f4xx_flash_ramfunc.o ABSOLUTE
    ..\Libraries\FWLIB\src\stm32f4xx_fsmc.c  0x00000000   Number         0  stm32f4xx_fsmc.o ABSOLUTE
    ..\Libraries\FWLIB\src\stm32f4xx_gpio.c  0x00000000   Number         0  stm32f4xx_gpio.o ABSOLUTE
    ..\Libraries\FWLIB\src\stm32f4xx_hash.c  0x00000000   Number         0  stm32f4xx_hash.o ABSOLUTE
    ..\Libraries\FWLIB\src\stm32f4xx_hash_md5.c 0x00000000   Number         0  stm32f4xx_hash_md5.o ABSOLUTE
    ..\Libraries\FWLIB\src\stm32f4xx_hash_sha1.c 0x00000000   Number         0  stm32f4xx_hash_sha1.o ABSOLUTE
    ..\Libraries\FWLIB\src\stm32f4xx_i2c.c   0x00000000   Number         0  stm32f4xx_i2c.o ABSOLUTE
    ..\Libraries\FWLIB\src\stm32f4xx_iwdg.c  0x00000000   Number         0  stm32f4xx_iwdg.o ABSOLUTE
    ..\Libraries\FWLIB\src\stm32f4xx_ltdc.c  0x00000000   Number         0  stm32f4xx_ltdc.o ABSOLUTE
    ..\Libraries\FWLIB\src\stm32f4xx_pwr.c   0x00000000   Number         0  stm32f4xx_pwr.o ABSOLUTE
    ..\Libraries\FWLIB\src\stm32f4xx_rcc.c   0x00000000   Number         0  stm32f4xx_rcc.o ABSOLUTE
    ..\Libraries\FWLIB\src\stm32f4xx_rng.c   0x00000000   Number         0  stm32f4xx_rng.o ABSOLUTE
    ..\Libraries\FWLIB\src\stm32f4xx_rtc.c   0x00000000   Number         0  stm32f4xx_rtc.o ABSOLUTE
    ..\Libraries\FWLIB\src\stm32f4xx_sai.c   0x00000000   Number         0  stm32f4xx_sai.o ABSOLUTE
    ..\Libraries\FWLIB\src\stm32f4xx_sdio.c  0x00000000   Number         0  stm32f4xx_sdio.o ABSOLUTE
    ..\Libraries\FWLIB\src\stm32f4xx_spi.c   0x00000000   Number         0  stm32f4xx_spi.o ABSOLUTE
    ..\Libraries\FWLIB\src\stm32f4xx_syscfg.c 0x00000000   Number         0  stm32f4xx_syscfg.o ABSOLUTE
    ..\Libraries\FWLIB\src\stm32f4xx_tim.c   0x00000000   Number         0  stm32f4xx_tim.o ABSOLUTE
    ..\Libraries\FWLIB\src\stm32f4xx_usart.c 0x00000000   Number         0  stm32f4xx_usart.o ABSOLUTE
    ..\Libraries\FWLIB\src\stm32f4xx_wwdg.c  0x00000000   Number         0  stm32f4xx_wwdg.o ABSOLUTE
    ..\User\delay\delay.c                    0x00000000   Number         0  delay.o ABSOLUTE
    ..\User\iic\myiic.c                      0x00000000   Number         0  myiic.o ABSOLUTE
    ..\User\lcd\lcd.c                        0x00000000   Number         0  lcd.o ABSOLUTE
    ..\User\main.c                           0x00000000   Number         0  main.o ABSOLUTE
    ..\User\mpu6050\eMPL\inv_mpu.c           0x00000000   Number         0  inv_mpu.o ABSOLUTE
    ..\User\mpu6050\eMPL\inv_mpu_dmp_motion_driver.c 0x00000000   Number         0  inv_mpu_dmp_motion_driver.o ABSOLUTE
    ..\User\mpu6050\mpu6050.c                0x00000000   Number         0  mpu6050.o ABSOLUTE
    ..\User\stm32f4xx_it.c                   0x00000000   Number         0  stm32f4xx_it.o ABSOLUTE
    ..\User\sys\sys.c                        0x00000000   Number         0  sys.o ABSOLUTE
    ..\User\systick\systick.c                0x00000000   Number         0  systick.o ABSOLUTE
    ..\User\usart\usart.c                    0x00000000   Number         0  usart.o ABSOLUTE
    ..\\Libraries\\CMSIS\\system_stm32f4xx.c 0x00000000   Number         0  system_stm32f4xx.o ABSOLUTE
    ..\\Libraries\\FWLIB\\src\\misc.c        0x00000000   Number         0  misc.o ABSOLUTE
    ..\\Libraries\\FWLIB\\src\\stm32f4xx_adc.c 0x00000000   Number         0  stm32f4xx_adc.o ABSOLUTE
    ..\\Libraries\\FWLIB\\src\\stm32f4xx_can.c 0x00000000   Number         0  stm32f4xx_can.o ABSOLUTE
    ..\\Libraries\\FWLIB\\src\\stm32f4xx_crc.c 0x00000000   Number         0  stm32f4xx_crc.o ABSOLUTE
    ..\\Libraries\\FWLIB\\src\\stm32f4xx_cryp.c 0x00000000   Number         0  stm32f4xx_cryp.o ABSOLUTE
    ..\\Libraries\\FWLIB\\src\\stm32f4xx_cryp_aes.c 0x00000000   Number         0  stm32f4xx_cryp_aes.o ABSOLUTE
    ..\\Libraries\\FWLIB\\src\\stm32f4xx_cryp_des.c 0x00000000   Number         0  stm32f4xx_cryp_des.o ABSOLUTE
    ..\\Libraries\\FWLIB\\src\\stm32f4xx_cryp_tdes.c 0x00000000   Number         0  stm32f4xx_cryp_tdes.o ABSOLUTE
    ..\\Libraries\\FWLIB\\src\\stm32f4xx_dac.c 0x00000000   Number         0  stm32f4xx_dac.o ABSOLUTE
    ..\\Libraries\\FWLIB\\src\\stm32f4xx_dbgmcu.c 0x00000000   Number         0  stm32f4xx_dbgmcu.o ABSOLUTE
    ..\\Libraries\\FWLIB\\src\\stm32f4xx_dcmi.c 0x00000000   Number         0  stm32f4xx_dcmi.o ABSOLUTE
    ..\\Libraries\\FWLIB\\src\\stm32f4xx_dma.c 0x00000000   Number         0  stm32f4xx_dma.o ABSOLUTE
    ..\\Libraries\\FWLIB\\src\\stm32f4xx_dma2d.c 0x00000000   Number         0  stm32f4xx_dma2d.o ABSOLUTE
    ..\\Libraries\\FWLIB\\src\\stm32f4xx_exti.c 0x00000000   Number         0  stm32f4xx_exti.o ABSOLUTE
    ..\\Libraries\\FWLIB\\src\\stm32f4xx_flash.c 0x00000000   Number         0  stm32f4xx_flash.o ABSOLUTE
    ..\\Libraries\\FWLIB\\src\\stm32f4xx_flash_ramfunc.c 0x00000000   Number         0  stm32f4xx_flash_ramfunc.o ABSOLUTE
    ..\\Libraries\\FWLIB\\src\\stm32f4xx_fsmc.c 0x00000000   Number         0  stm32f4xx_fsmc.o ABSOLUTE
    ..\\Libraries\\FWLIB\\src\\stm32f4xx_gpio.c 0x00000000   Number         0  stm32f4xx_gpio.o ABSOLUTE
    ..\\Libraries\\FWLIB\\src\\stm32f4xx_hash.c 0x00000000   Number         0  stm32f4xx_hash.o ABSOLUTE
    ..\\Libraries\\FWLIB\\src\\stm32f4xx_hash_md5.c 0x00000000   Number         0  stm32f4xx_hash_md5.o ABSOLUTE
    ..\\Libraries\\FWLIB\\src\\stm32f4xx_hash_sha1.c 0x00000000   Number         0  stm32f4xx_hash_sha1.o ABSOLUTE
    ..\\Libraries\\FWLIB\\src\\stm32f4xx_i2c.c 0x00000000   Number         0  stm32f4xx_i2c.o ABSOLUTE
    ..\\Libraries\\FWLIB\\src\\stm32f4xx_iwdg.c 0x00000000   Number         0  stm32f4xx_iwdg.o ABSOLUTE
    ..\\Libraries\\FWLIB\\src\\stm32f4xx_ltdc.c 0x00000000   Number         0  stm32f4xx_ltdc.o ABSOLUTE
    ..\\Libraries\\FWLIB\\src\\stm32f4xx_pwr.c 0x00000000   Number         0  stm32f4xx_pwr.o ABSOLUTE
    ..\\Libraries\\FWLIB\\src\\stm32f4xx_rcc.c 0x00000000   Number         0  stm32f4xx_rcc.o ABSOLUTE
    ..\\Libraries\\FWLIB\\src\\stm32f4xx_rng.c 0x00000000   Number         0  stm32f4xx_rng.o ABSOLUTE
    ..\\Libraries\\FWLIB\\src\\stm32f4xx_rtc.c 0x00000000   Number         0  stm32f4xx_rtc.o ABSOLUTE
    ..\\Libraries\\FWLIB\\src\\stm32f4xx_sai.c 0x00000000   Number         0  stm32f4xx_sai.o ABSOLUTE
    ..\\Libraries\\FWLIB\\src\\stm32f4xx_sdio.c 0x00000000   Number         0  stm32f4xx_sdio.o ABSOLUTE
    ..\\Libraries\\FWLIB\\src\\stm32f4xx_spi.c 0x00000000   Number         0  stm32f4xx_spi.o ABSOLUTE
    ..\\Libraries\\FWLIB\\src\\stm32f4xx_syscfg.c 0x00000000   Number         0  stm32f4xx_syscfg.o ABSOLUTE
    ..\\Libraries\\FWLIB\\src\\stm32f4xx_tim.c 0x00000000   Number         0  stm32f4xx_tim.o ABSOLUTE
    ..\\Libraries\\FWLIB\\src\\stm32f4xx_usart.c 0x00000000   Number         0  stm32f4xx_usart.o ABSOLUTE
    ..\\Libraries\\FWLIB\\src\\stm32f4xx_wwdg.c 0x00000000   Number         0  stm32f4xx_wwdg.o ABSOLUTE
    ..\\User\\delay\\delay.c                 0x00000000   Number         0  delay.o ABSOLUTE
    ..\\User\\iic\\myiic.c                   0x00000000   Number         0  myiic.o ABSOLUTE
    ..\\User\\lcd\\lcd.c                     0x00000000   Number         0  lcd.o ABSOLUTE
    ..\\User\\main.c                         0x00000000   Number         0  main.o ABSOLUTE
    ..\\User\\mpu6050\\eMPL\\inv_mpu.c       0x00000000   Number         0  inv_mpu.o ABSOLUTE
    ..\\User\\mpu6050\\eMPL\\inv_mpu_dmp_motion_driver.c 0x00000000   Number         0  inv_mpu_dmp_motion_driver.o ABSOLUTE
    ..\\User\\mpu6050\\mpu6050.c             0x00000000   Number         0  mpu6050.o ABSOLUTE
    ..\\User\\stm32f4xx_it.c                 0x00000000   Number         0  stm32f4xx_it.o ABSOLUTE
    ..\\User\\sys\\sys.c                     0x00000000   Number         0  sys.o ABSOLUTE
    ..\\User\\systick\\systick.c             0x00000000   Number         0  systick.o ABSOLUTE
    ..\\User\\usart\\usart.c                 0x00000000   Number         0  usart.o ABSOLUTE
    cdcmple.s                                0x00000000   Number         0  cdcmple.o ABSOLUTE
    cdrcmple.s                               0x00000000   Number         0  cdrcmple.o ABSOLUTE
    dc.s                                     0x00000000   Number         0  dc.o ABSOLUTE
    handlers.s                               0x00000000   Number         0  handlers.o ABSOLUTE
    init.s                                   0x00000000   Number         0  init.o ABSOLUTE
    RESET                                    0x08000000   Section      392  startup_stm32f40_41xxx.o(RESET)
    .ARM.Collect$$$$00000000                 0x08000188   Section        0  entry.o(.ARM.Collect$$$$00000000)
    .ARM.Collect$$$$00000001                 0x08000188   Section        4  entry2.o(.ARM.Collect$$$$00000001)
    .ARM.Collect$$$$00000004                 0x0800018c   Section        4  entry5.o(.ARM.Collect$$$$00000004)
    .ARM.Collect$$$$00000008                 0x08000190   Section        0  entry7b.o(.ARM.Collect$$$$00000008)
    .ARM.Collect$$$$0000000A                 0x08000190   Section        0  entry8b.o(.ARM.Collect$$$$0000000A)
    .ARM.Collect$$$$0000000B                 0x08000190   Section        8  entry9a.o(.ARM.Collect$$$$0000000B)
    .ARM.Collect$$$$0000000D                 0x08000198   Section        0  entry10a.o(.ARM.Collect$$$$0000000D)
    .ARM.Collect$$$$0000000F                 0x08000198   Section        0  entry11a.o(.ARM.Collect$$$$0000000F)
    .ARM.Collect$$$$00002712                 0x08000198   Section        4  entry2.o(.ARM.Collect$$$$00002712)
    __lit__00000000                          0x08000198   Data           4  entry2.o(.ARM.Collect$$$$00002712)
    .text                                    0x0800019c   Section       36  startup_stm32f40_41xxx.o(.text)
    $v0                                      0x0800019c   Number         0  startup_stm32f40_41xxx.o(.text)
    .text                                    0x080001c0   Section        0  ldiv.o(.text)
    .text                                    0x08000222   Section        0  memseta.o(.text)
    .text                                    0x08000246   Section        0  memcmp.o(.text)
    .text                                    0x08000260   Section        0  dadd.o(.text)
    .text                                    0x080003ae   Section        0  dmul.o(.text)
    .text                                    0x08000492   Section        0  ddiv.o(.text)
    .text                                    0x08000570   Section        0  dflti.o(.text)
    .text                                    0x08000592   Section        0  dfltui.o(.text)
    .text                                    0x080005ac   Section        0  dfixui.o(.text)
    .text                                    0x080005de   Section        0  f2d.o(.text)
    .text                                    0x08000604   Section        0  d2f.o(.text)
    .text                                    0x0800063c   Section        0  uldiv.o(.text)
    .text                                    0x0800069e   Section        0  llshl.o(.text)
    .text                                    0x080006bc   Section        0  llushr.o(.text)
    .text                                    0x080006dc   Section        0  llsshr.o(.text)
    .text                                    0x08000700   Section        0  iusefp.o(.text)
    .text                                    0x08000700   Section        0  fepilogue.o(.text)
    .text                                    0x0800076e   Section        0  depilogue.o(.text)
    .text                                    0x08000828   Section       36  init.o(.text)
    .text                                    0x0800084c   Section        0  dsqrt.o(.text)
    i.BusFault_Handler                       0x080008ee   Section        0  stm32f4xx_it.o(i.BusFault_Handler)
    i.DebugMon_Handler                       0x080008f2   Section        0  stm32f4xx_it.o(i.DebugMon_Handler)
    i.Delay_us                               0x080008f4   Section        0  systick.o(i.Delay_us)
    i.FSMC_NORSRAMCmd                        0x0800090c   Section        0  stm32f4xx_fsmc.o(i.FSMC_NORSRAMCmd)
    i.FSMC_NORSRAMInit                       0x08000940   Section        0  stm32f4xx_fsmc.o(i.FSMC_NORSRAMInit)
    i.GPIO_Init                              0x08000a26   Section        0  stm32f4xx_gpio.o(i.GPIO_Init)
    i.GPIO_PinAFConfig                       0x08000ab6   Section        0  stm32f4xx_gpio.o(i.GPIO_PinAFConfig)
    i.HardFault_Handler                      0x08000afc   Section        0  stm32f4xx_it.o(i.HardFault_Handler)
    i.IIC_Ack                                0x08000b00   Section        0  myiic.o(i.IIC_Ack)
    i.IIC_Init                               0x08000b50   Section        0  myiic.o(i.IIC_Init)
    i.IIC_NAck                               0x08000b9c   Section        0  myiic.o(i.IIC_NAck)
    i.IIC_Read_Byte                          0x08000bec   Section        0  myiic.o(i.IIC_Read_Byte)
    i.IIC_Send_Byte                          0x08000c58   Section        0  myiic.o(i.IIC_Send_Byte)
    i.IIC_Start                              0x08000cc0   Section        0  myiic.o(i.IIC_Start)
    i.IIC_Stop                               0x08000d0c   Section        0  myiic.o(i.IIC_Stop)
    i.IIC_Wait_Ack                           0x08000d58   Section        0  myiic.o(i.IIC_Wait_Ack)
    i.LCD_Clear                              0x08000db8   Section        0  lcd.o(i.LCD_Clear)
    i.LCD_Display_Dir                        0x08000e24   Section        0  lcd.o(i.LCD_Display_Dir)
    i.LCD_Fast_DrawPoint                     0x08000fe4   Section        0  lcd.o(i.LCD_Fast_DrawPoint)
    i.LCD_Fill                               0x08001164   Section        0  lcd.o(i.LCD_Fill)
    i.LCD_Init                               0x0800121c   Section        0  lcd.o(i.LCD_Init)
    i.LCD_Pow                                0x08004b8c   Section        0  lcd.o(i.LCD_Pow)
    i.LCD_RD_DATA                            0x08004ba4   Section        0  lcd.o(i.LCD_RD_DATA)
    i.LCD_ReadReg                            0x08004bb8   Section        0  lcd.o(i.LCD_ReadReg)
    i.LCD_SSD_BackLightSet                   0x08004bd0   Section        0  lcd.o(i.LCD_SSD_BackLightSet)
    i.LCD_Scan_Dir                           0x08004c30   Section        0  lcd.o(i.LCD_Scan_Dir)
    i.LCD_SetCursor                          0x08004f1c   Section        0  lcd.o(i.LCD_SetCursor)
    i.LCD_ShowChar                           0x080050c4   Section        0  lcd.o(i.LCD_ShowChar)
    i.LCD_ShowNum                            0x080051ec   Section        0  lcd.o(i.LCD_ShowNum)
    i.LCD_ShowString                         0x08005280   Section        0  lcd.o(i.LCD_ShowString)
    i.LCD_WR_DATA                            0x080052e8   Section        0  lcd.o(i.LCD_WR_DATA)
    i.LCD_WR_REG                             0x08005300   Section        0  lcd.o(i.LCD_WR_REG)
    i.LCD_WriteRAM_Prepare                   0x08005318   Section        0  lcd.o(i.LCD_WriteRAM_Prepare)
    i.LCD_WriteReg                           0x0800532c   Section        0  lcd.o(i.LCD_WriteReg)
    i.MPU_Get_Accelerometer                  0x08005340   Section        0  mpu6050.o(i.MPU_Get_Accelerometer)
    i.MPU_Get_Gyroscope                      0x08005390   Section        0  mpu6050.o(i.MPU_Get_Gyroscope)
    i.MPU_Get_Temperature                    0x080053e0   Section        0  mpu6050.o(i.MPU_Get_Temperature)
    i.MPU_Init                               0x08005464   Section        0  mpu6050.o(i.MPU_Init)
    i.MPU_Read_Byte                          0x080054de   Section        0  mpu6050.o(i.MPU_Read_Byte)
    i.MPU_Read_Len                           0x08005518   Section        0  mpu6050.o(i.MPU_Read_Len)
    i.MPU_Set_Accel_Fsr                      0x0800558c   Section        0  mpu6050.o(i.MPU_Set_Accel_Fsr)
    i.MPU_Set_Gyro_Fsr                       0x0800559c   Section        0  mpu6050.o(i.MPU_Set_Gyro_Fsr)
    i.MPU_Set_LPF                            0x080055ac   Section        0  mpu6050.o(i.MPU_Set_LPF)
    i.MPU_Set_Rate                           0x080055e6   Section        0  mpu6050.o(i.MPU_Set_Rate)
    i.MPU_Write_Byte                         0x08005620   Section        0  mpu6050.o(i.MPU_Write_Byte)
    i.MPU_Write_Len                          0x08005664   Section        0  mpu6050.o(i.MPU_Write_Len)
    i.MemManage_Handler                      0x080056c4   Section        0  stm32f4xx_it.o(i.MemManage_Handler)
    i.NMI_Handler                            0x080056c8   Section        0  stm32f4xx_it.o(i.NMI_Handler)
    i.NVIC_Init                              0x080056cc   Section        0  misc.o(i.NVIC_Init)
    i.NVIC_PriorityGroupConfig               0x08005744   Section        0  misc.o(i.NVIC_PriorityGroupConfig)
    i.PendSV_Handler                         0x08005758   Section        0  stm32f4xx_it.o(i.PendSV_Handler)
    i.RCC_AHB1PeriphClockCmd                 0x0800575c   Section        0  stm32f4xx_rcc.o(i.RCC_AHB1PeriphClockCmd)
    i.RCC_AHB3PeriphClockCmd                 0x0800577c   Section        0  stm32f4xx_rcc.o(i.RCC_AHB3PeriphClockCmd)
    i.RCC_APB2PeriphClockCmd                 0x0800579c   Section        0  stm32f4xx_rcc.o(i.RCC_APB2PeriphClockCmd)
    i.RCC_GetClocksFreq                      0x080057bc   Section        0  stm32f4xx_rcc.o(i.RCC_GetClocksFreq)
    i.SVC_Handler                            0x080058a4   Section        0  stm32f4xx_it.o(i.SVC_Handler)
    i.SetSysClock                            0x080058a8   Section        0  system_stm32f4xx.o(i.SetSysClock)
    SetSysClock                              0x080058a9   Thumb Code   220  system_stm32f4xx.o(i.SetSysClock)
    i.SysTick_CLKSourceConfig                0x08005994   Section        0  misc.o(i.SysTick_CLKSourceConfig)
    i.SysTick_Handler                        0x080059bc   Section        0  stm32f4xx_it.o(i.SysTick_Handler)
    i.SystemInit                             0x080059c4   Section        0  system_stm32f4xx.o(i.SystemInit)
    i.TimingDelay_Decrement                  0x08005a2c   Section        0  systick.o(i.TimingDelay_Decrement)
    i.USART1_IRQHandler                      0x08005a44   Section        0  usart.o(i.USART1_IRQHandler)
    i.USART_Cmd                              0x08005acc   Section        0  stm32f4xx_usart.o(i.USART_Cmd)
    i.USART_GetITStatus                      0x08005ae4   Section        0  stm32f4xx_usart.o(i.USART_GetITStatus)
    i.USART_ITConfig                         0x08005b38   Section        0  stm32f4xx_usart.o(i.USART_ITConfig)
    i.USART_Init                             0x08005b84   Section        0  stm32f4xx_usart.o(i.USART_Init)
    i.USART_ReceiveData                      0x08005c58   Section        0  stm32f4xx_usart.o(i.USART_ReceiveData)
    i.UsageFault_Handler                     0x08005c62   Section        0  stm32f4xx_it.o(i.UsageFault_Handler)
    i.__0printf$8                            0x08005c68   Section        0  printf8.o(i.__0printf$8)
    i.__ARM_fpclassify                       0x08005c88   Section        0  fpclassify.o(i.__ARM_fpclassify)
    i.__hardfp_asin                          0x08005cb8   Section        0  asin.o(i.__hardfp_asin)
    i.__hardfp_atan                          0x08006018   Section        0  atan.o(i.__hardfp_atan)
    i.__hardfp_atan2                         0x080062f0   Section        0  atan2.o(i.__hardfp_atan2)
    i.__kernel_poly                          0x080064e0   Section        0  poly.o(i.__kernel_poly)
    i.__mathlib_dbl_infnan                   0x080065d8   Section        0  dunder.o(i.__mathlib_dbl_infnan)
    i.__mathlib_dbl_infnan2                  0x080065ec   Section        0  dunder.o(i.__mathlib_dbl_infnan2)
    i.__mathlib_dbl_invalid                  0x08006600   Section        0  dunder.o(i.__mathlib_dbl_invalid)
    i.__mathlib_dbl_underflow                0x08006620   Section        0  dunder.o(i.__mathlib_dbl_underflow)
    i.__scatterload_copy                     0x08006640   Section       14  handlers.o(i.__scatterload_copy)
    i.__scatterload_null                     0x0800664e   Section        2  handlers.o(i.__scatterload_null)
    i.__scatterload_zeroinit                 0x08006650   Section       14  handlers.o(i.__scatterload_zeroinit)
    i.__set_errno                            0x08006660   Section        0  errno.o(i.__set_errno)
    i._printf_core                           0x0800666c   Section        0  printf8.o(i._printf_core)
    _printf_core                             0x0800666d   Thumb Code   996  printf8.o(i._printf_core)
    i._printf_post_padding                   0x08006a7c   Section        0  printf8.o(i._printf_post_padding)
    _printf_post_padding                     0x08006a7d   Thumb Code    36  printf8.o(i._printf_post_padding)
    i._printf_pre_padding                    0x08006aa0   Section        0  printf8.o(i._printf_pre_padding)
    _printf_pre_padding                      0x08006aa1   Thumb Code    46  printf8.o(i._printf_pre_padding)
    i.accel_self_test                        0x08006ad0   Section        0  inv_mpu.o(i.accel_self_test)
    accel_self_test                          0x08006ad1   Thumb Code   182  inv_mpu.o(i.accel_self_test)
    i.atan                                   0x08006b90   Section        0  atan.o(i.atan)
    i.decode_gesture                         0x08006ba0   Section        0  inv_mpu_dmp_motion_driver.o(i.decode_gesture)
    decode_gesture                           0x08006ba1   Thumb Code    94  inv_mpu_dmp_motion_driver.o(i.decode_gesture)
    i.delay_init                             0x08006c04   Section        0  delay.o(i.delay_init)
    i.delay_ms                               0x08006c40   Section        0  delay.o(i.delay_ms)
    i.delay_us                               0x08006c78   Section        0  delay.o(i.delay_us)
    i.delay_xms                              0x08006cc4   Section        0  delay.o(i.delay_xms)
    i.dmp_enable_6x_lp_quat                  0x08006d10   Section        0  inv_mpu_dmp_motion_driver.o(i.dmp_enable_6x_lp_quat)
    i.dmp_enable_feature                     0x08006d4c   Section        0  inv_mpu_dmp_motion_driver.o(i.dmp_enable_feature)
    i.dmp_enable_gyro_cal                    0x08006f68   Section        0  inv_mpu_dmp_motion_driver.o(i.dmp_enable_gyro_cal)
    i.dmp_enable_lp_quat                     0x08006fc0   Section        0  inv_mpu_dmp_motion_driver.o(i.dmp_enable_lp_quat)
    i.dmp_load_motion_driver_firmware        0x08006ffc   Section        0  inv_mpu_dmp_motion_driver.o(i.dmp_load_motion_driver_firmware)
    i.dmp_read_fifo                          0x08007014   Section        0  inv_mpu_dmp_motion_driver.o(i.dmp_read_fifo)
    i.dmp_set_accel_bias                     0x080071e0   Section        0  inv_mpu_dmp_motion_driver.o(i.dmp_set_accel_bias)
    i.dmp_set_fifo_rate                      0x08007310   Section        0  inv_mpu_dmp_motion_driver.o(i.dmp_set_fifo_rate)
    i.dmp_set_gyro_bias                      0x08007380   Section        0  inv_mpu_dmp_motion_driver.o(i.dmp_set_gyro_bias)
    i.dmp_set_orientation                    0x080074b0   Section        0  inv_mpu_dmp_motion_driver.o(i.dmp_set_orientation)
    i.dmp_set_shake_reject_thresh            0x080075e8   Section        0  inv_mpu_dmp_motion_driver.o(i.dmp_set_shake_reject_thresh)
    i.dmp_set_shake_reject_time              0x08007620   Section        0  inv_mpu_dmp_motion_driver.o(i.dmp_set_shake_reject_time)
    i.dmp_set_shake_reject_timeout           0x08007646   Section        0  inv_mpu_dmp_motion_driver.o(i.dmp_set_shake_reject_timeout)
    i.dmp_set_tap_axes                       0x0800766c   Section        0  inv_mpu_dmp_motion_driver.o(i.dmp_set_tap_axes)
    i.dmp_set_tap_count                      0x080076b2   Section        0  inv_mpu_dmp_motion_driver.o(i.dmp_set_tap_count)
    i.dmp_set_tap_thresh                     0x080076d8   Section        0  inv_mpu_dmp_motion_driver.o(i.dmp_set_tap_thresh)
    i.dmp_set_tap_time                       0x08007898   Section        0  inv_mpu_dmp_motion_driver.o(i.dmp_set_tap_time)
    i.dmp_set_tap_time_multi                 0x080078be   Section        0  inv_mpu_dmp_motion_driver.o(i.dmp_set_tap_time_multi)
    i.fabs                                   0x080078e4   Section        0  fabs.o(i.fabs)
    i.fputc                                  0x080078fc   Section        0  usart.o(i.fputc)
    i.get_accel_prod_shift                   0x08007918   Section        0  inv_mpu.o(i.get_accel_prod_shift)
    get_accel_prod_shift                     0x08007919   Thumb Code   190  inv_mpu.o(i.get_accel_prod_shift)
    i.get_st_biases                          0x080079e8   Section        0  inv_mpu.o(i.get_st_biases)
    get_st_biases                            0x080079e9   Thumb Code  1132  inv_mpu.o(i.get_st_biases)
    i.gyro_self_test                         0x08007e58   Section        0  inv_mpu.o(i.gyro_self_test)
    gyro_self_test                           0x08007e59   Thumb Code   262  inv_mpu.o(i.gyro_self_test)
    i.inv_orientation_matrix_to_scalar       0x08007f74   Section        0  inv_mpu.o(i.inv_orientation_matrix_to_scalar)
    i.inv_row_2_scale                        0x08007f9c   Section        0  inv_mpu.o(i.inv_row_2_scale)
    i.main                                   0x08007fec   Section        0  main.o(i.main)
    i.mget_ms                                0x080083a8   Section        0  inv_mpu.o(i.mget_ms)
    i.mpu_configure_fifo                     0x080083ac   Section        0  inv_mpu.o(i.mpu_configure_fifo)
    i.mpu_dmp_get_data                       0x0800841c   Section        0  inv_mpu.o(i.mpu_dmp_get_data)
    i.mpu_dmp_init                           0x08008634   Section        0  inv_mpu.o(i.mpu_dmp_init)
    i.mpu_get_accel_fsr                      0x080086d0   Section        0  inv_mpu.o(i.mpu_get_accel_fsr)
    i.mpu_get_accel_sens                     0x0800871c   Section        0  inv_mpu.o(i.mpu_get_accel_sens)
    i.mpu_get_fifo_config                    0x08008770   Section        0  inv_mpu.o(i.mpu_get_fifo_config)
    i.mpu_get_gyro_fsr                       0x08008780   Section        0  inv_mpu.o(i.mpu_get_gyro_fsr)
    i.mpu_get_gyro_sens                      0x080087c4   Section        0  inv_mpu.o(i.mpu_get_gyro_sens)
    i.mpu_get_lpf                            0x08008824   Section        0  inv_mpu.o(i.mpu_get_lpf)
    i.mpu_get_sample_rate                    0x08008874   Section        0  inv_mpu.o(i.mpu_get_sample_rate)
    i.mpu_init                               0x08008894   Section        0  inv_mpu.o(i.mpu_init)
    i.mpu_load_firmware                      0x08008a84   Section        0  inv_mpu.o(i.mpu_load_firmware)
    i.mpu_lp_accel_mode                      0x08008b3c   Section        0  inv_mpu.o(i.mpu_lp_accel_mode)
    i.mpu_read_fifo_stream                   0x08008c1c   Section        0  inv_mpu.o(i.mpu_read_fifo_stream)
    i.mpu_read_mem                           0x08008cdc   Section        0  inv_mpu.o(i.mpu_read_mem)
    i.mpu_reset_fifo                         0x08008d5c   Section        0  inv_mpu.o(i.mpu_reset_fifo)
    i.mpu_run_self_test                      0x08008f24   Section        0  inv_mpu.o(i.mpu_run_self_test)
    i.mpu_set_accel_fsr                      0x08009040   Section        0  inv_mpu.o(i.mpu_set_accel_fsr)
    i.mpu_set_bypass                         0x080090c4   Section        0  inv_mpu.o(i.mpu_set_bypass)
    i.mpu_set_dmp_state                      0x08009210   Section        0  inv_mpu.o(i.mpu_set_dmp_state)
    i.mpu_set_gyro_fsr                       0x080092a0   Section        0  inv_mpu.o(i.mpu_set_gyro_fsr)
    i.mpu_set_int_latched                    0x08009328   Section        0  inv_mpu.o(i.mpu_set_int_latched)
    i.mpu_set_lpf                            0x08009394   Section        0  inv_mpu.o(i.mpu_set_lpf)
    i.mpu_set_sample_rate                    0x08009418   Section        0  inv_mpu.o(i.mpu_set_sample_rate)
    i.mpu_set_sensors                        0x080094b4   Section        0  inv_mpu.o(i.mpu_set_sensors)
    i.mpu_write_mem                          0x08009584   Section        0  inv_mpu.o(i.mpu_write_mem)
    i.run_self_test                          0x08009604   Section        0  inv_mpu.o(i.run_self_test)
    i.set_int_enable                         0x080096a0   Section        0  inv_mpu.o(i.set_int_enable)
    set_int_enable                           0x080096a1   Thumb Code   138  inv_mpu.o(i.set_int_enable)
    i.sqrt                                   0x08009730   Section        0  sqrt.o(i.sqrt)
    i.uart_init                              0x080097a0   Section        0  usart.o(i.uart_init)
    .constdata                               0x0800984c   Section       80  inv_mpu.o(.constdata)
    .constdata                               0x0800989c   Section     3062  inv_mpu_dmp_motion_driver.o(.constdata)
    dmp_memory                               0x0800989c   Data        3062  inv_mpu_dmp_motion_driver.o(.constdata)
    .constdata                               0x0800a492   Section     6080  lcd.o(.constdata)
    .constdata                               0x0800bc58   Section       80  asin.o(.constdata)
    pS                                       0x0800bc58   Data          48  asin.o(.constdata)
    qS                                       0x0800bc88   Data          32  asin.o(.constdata)
    .constdata                               0x0800bca8   Section      152  atan.o(.constdata)
    atanhi                                   0x0800bca8   Data          32  atan.o(.constdata)
    atanlo                                   0x0800bcc8   Data          32  atan.o(.constdata)
    aTodd                                    0x0800bce8   Data          40  atan.o(.constdata)
    aTeven                                   0x0800bd10   Data          48  atan.o(.constdata)
    .constdata                               0x0800bd40   Section        8  qnan.o(.constdata)
    .conststring                             0x0800bd48   Section       77  inv_mpu.o(.conststring)
    .data                                    0x20000000   Section       16  stm32f4xx_rcc.o(.data)
    APBAHBPrescTable                         0x20000000   Data          16  stm32f4xx_rcc.o(.data)
    .data                                    0x20000010   Section        4  systick.o(.data)
    TimingCounter                            0x20000010   Data           4  systick.o(.data)
    .data                                    0x20000014   Section       53  inv_mpu.o(.data)
    st                                       0x20000014   Data          44  inv_mpu.o(.data)
    gyro_orientation                         0x20000040   Data           9  inv_mpu.o(.data)
    .data                                    0x2000004a   Section        4  delay.o(.data)
    fac_us                                   0x2000004a   Data           1  delay.o(.data)
    fac_ms                                   0x2000004c   Data           2  delay.o(.data)
    .data                                    0x20000050   Section        6  usart.o(.data)
    .data                                    0x20000056   Section        4  lcd.o(.data)
    .data                                    0x2000005c   Section        4  errno.o(.data)
    _errno                                   0x2000005c   Data           4  errno.o(.data)
    .bss                                     0x20000060   Section       16  inv_mpu_dmp_motion_driver.o(.bss)
    dmp                                      0x20000060   Data          16  inv_mpu_dmp_motion_driver.o(.bss)
    .bss                                     0x20000070   Section      200  usart.o(.bss)
    .bss                                     0x20000138   Section       14  lcd.o(.bss)
    STACK                                    0x20000148   Section     1024  startup_stm32f40_41xxx.o(STACK)

    Global Symbols

    Symbol Name                              Value     Ov Type        Size  Object(Section)

    BuildAttributes$$THM_ISAv4$E$P$D$K$B$S$7EM$VFPi3$EXTD16$VFPS$VFMA$PE$A:L22UL41UL21$X:L11$S22US41US21$IEEE1$IW$USESV6$~STKCKD$USESV7$~SHL$OTIME$ROPI$IEEEX$EBA8$MICROLIB$REQ8$PRES8$EABIv2 0x00000000   Number         0  anon$$obj.o ABSOLUTE
    __ARM_use_no_argv                        0x00000000   Number         0  main.o ABSOLUTE
    __use_no_errno                           0x00000000   Number         0  useno.o ABSOLUTE
    __use_no_exception_handling              0x00000000   Number         0  useno.o ABSOLUTE
    __use_no_fp                              0x00000000   Number         0  useno.o ABSOLUTE
    __use_no_heap                            0x00000000   Number         0  useno.o ABSOLUTE
    __use_no_heap_region                     0x00000000   Number         0  useno.o ABSOLUTE
    __use_no_semihosting                     0x00000000   Number         0  useno.o ABSOLUTE
    __use_no_semihosting_swi                 0x00000000   Number         0  useno.o ABSOLUTE
    __use_no_signal_handling                 0x00000000   Number         0  useno.o ABSOLUTE
    _printf_a                                0x00000000   Number         0  stubs.o ABSOLUTE
    _printf_c                                0x00000000   Number         0  stubs.o ABSOLUTE
    _printf_charcount                        0x00000000   Number         0  stubs.o ABSOLUTE
    _printf_d                                0x00000000   Number         0  stubs.o ABSOLUTE
    _printf_e                                0x00000000   Number         0  stubs.o ABSOLUTE
    _printf_f                                0x00000000   Number         0  stubs.o ABSOLUTE
    _printf_flags                            0x00000000   Number         0  stubs.o ABSOLUTE
    _printf_fp_dec                           0x00000000   Number         0  stubs.o ABSOLUTE
    _printf_fp_hex                           0x00000000   Number         0  stubs.o ABSOLUTE
    _printf_g                                0x00000000   Number         0  stubs.o ABSOLUTE
    _printf_i                                0x00000000   Number         0  stubs.o ABSOLUTE
    _printf_int_dec                          0x00000000   Number         0  stubs.o ABSOLUTE
    _printf_l                                0x00000000   Number         0  stubs.o ABSOLUTE
    _printf_lc                               0x00000000   Number         0  stubs.o ABSOLUTE
    _printf_ll                               0x00000000   Number         0  stubs.o ABSOLUTE
    _printf_lld                              0x00000000   Number         0  stubs.o ABSOLUTE
    _printf_lli                              0x00000000   Number         0  stubs.o ABSOLUTE
    _printf_llo                              0x00000000   Number         0  stubs.o ABSOLUTE
    _printf_llu                              0x00000000   Number         0  stubs.o ABSOLUTE
    _printf_llx                              0x00000000   Number         0  stubs.o ABSOLUTE
    _printf_longlong_dec                     0x00000000   Number         0  stubs.o ABSOLUTE
    _printf_longlong_hex                     0x00000000   Number         0  stubs.o ABSOLUTE
    _printf_longlong_oct                     0x00000000   Number         0  stubs.o ABSOLUTE
    _printf_ls                               0x00000000   Number         0  stubs.o ABSOLUTE
    _printf_mbtowc                           0x00000000   Number         0  stubs.o ABSOLUTE
    _printf_n                                0x00000000   Number         0  stubs.o ABSOLUTE
    _printf_o                                0x00000000   Number         0  stubs.o ABSOLUTE
    _printf_p                                0x00000000   Number         0  stubs.o ABSOLUTE
    _printf_percent                          0x00000000   Number         0  stubs.o ABSOLUTE
    _printf_pre_padding                      0x00000000   Number         0  stubs.o ABSOLUTE
    _printf_return_value                     0x00000000   Number         0  stubs.o ABSOLUTE
    _printf_s                                0x00000000   Number         0  stubs.o ABSOLUTE
    _printf_sizespec                         0x00000000   Number         0  stubs.o ABSOLUTE
    _printf_str                              0x00000000   Number         0  stubs.o ABSOLUTE
    _printf_truncate_signed                  0x00000000   Number         0  stubs.o ABSOLUTE
    _printf_truncate_unsigned                0x00000000   Number         0  stubs.o ABSOLUTE
    _printf_u                                0x00000000   Number         0  stubs.o ABSOLUTE
    _printf_wc                               0x00000000   Number         0  stubs.o ABSOLUTE
    _printf_wctomb                           0x00000000   Number         0  stubs.o ABSOLUTE
    _printf_widthprec                        0x00000000   Number         0  stubs.o ABSOLUTE
    _printf_x                                0x00000000   Number         0  stubs.o ABSOLUTE
    __cpp_initialize__aeabi_                  - Undefined Weak Reference
    __cxa_finalize                            - Undefined Weak Reference
    __decompress                              - Undefined Weak Reference
    _clock_init                               - Undefined Weak Reference
    _microlib_exit                            - Undefined Weak Reference
    __Vectors_Size                           0x00000188   Number         0  startup_stm32f40_41xxx.o ABSOLUTE
    __Vectors                                0x08000000   Data           4  startup_stm32f40_41xxx.o(RESET)
    __Vectors_End                            0x08000188   Data           0  startup_stm32f40_41xxx.o(RESET)
    __main                                   0x08000189   Thumb Code     0  entry.o(.ARM.Collect$$$$00000000)
    _main_stk                                0x08000189   Thumb Code     0  entry2.o(.ARM.Collect$$$$00000001)
    _main_scatterload                        0x0800018d   Thumb Code     0  entry5.o(.ARM.Collect$$$$00000004)
    __main_after_scatterload                 0x08000191   Thumb Code     0  entry5.o(.ARM.Collect$$$$00000004)
    _main_clock                              0x08000191   Thumb Code     0  entry7b.o(.ARM.Collect$$$$00000008)
    _main_cpp_init                           0x08000191   Thumb Code     0  entry8b.o(.ARM.Collect$$$$0000000A)
    _main_init                               0x08000191   Thumb Code     0  entry9a.o(.ARM.Collect$$$$0000000B)
    __rt_final_cpp                           0x08000199   Thumb Code     0  entry10a.o(.ARM.Collect$$$$0000000D)
    __rt_final_exit                          0x08000199   Thumb Code     0  entry11a.o(.ARM.Collect$$$$0000000F)
    Reset_Handler                            0x0800019d   Thumb Code     8  startup_stm32f40_41xxx.o(.text)
    ADC_IRQHandler                           0x080001b7   Thumb Code     0  startup_stm32f40_41xxx.o(.text)
    CAN1_RX0_IRQHandler                      0x080001b7   Thumb Code     0  startup_stm32f40_41xxx.o(.text)
    CAN1_RX1_IRQHandler                      0x080001b7   Thumb Code     0  startup_stm32f40_41xxx.o(.text)
    CAN1_SCE_IRQHandler                      0x080001b7   Thumb Code     0  startup_stm32f40_41xxx.o(.text)
    CAN1_TX_IRQHandler                       0x080001b7   Thumb Code     0  startup_stm32f40_41xxx.o(.text)
    CAN2_RX0_IRQHandler                      0x080001b7   Thumb Code     0  startup_stm32f40_41xxx.o(.text)
    CAN2_RX1_IRQHandler                      0x080001b7   Thumb Code     0  startup_stm32f40_41xxx.o(.text)
    CAN2_SCE_IRQHandler                      0x080001b7   Thumb Code     0  startup_stm32f40_41xxx.o(.text)
    CAN2_TX_IRQHandler                       0x080001b7   Thumb Code     0  startup_stm32f40_41xxx.o(.text)
    CRYP_IRQHandler                          0x080001b7   Thumb Code     0  startup_stm32f40_41xxx.o(.text)
    DCMI_IRQHandler                          0x080001b7   Thumb Code     0  startup_stm32f40_41xxx.o(.text)
    DMA1_Stream0_IRQHandler                  0x080001b7   Thumb Code     0  startup_stm32f40_41xxx.o(.text)
    DMA1_Stream1_IRQHandler                  0x080001b7   Thumb Code     0  startup_stm32f40_41xxx.o(.text)
    DMA1_Stream2_IRQHandler                  0x080001b7   Thumb Code     0  startup_stm32f40_41xxx.o(.text)
    DMA1_Stream3_IRQHandler                  0x080001b7   Thumb Code     0  startup_stm32f40_41xxx.o(.text)
    DMA1_Stream4_IRQHandler                  0x080001b7   Thumb Code     0  startup_stm32f40_41xxx.o(.text)
    DMA1_Stream5_IRQHandler                  0x080001b7   Thumb Code     0  startup_stm32f40_41xxx.o(.text)
    DMA1_Stream6_IRQHandler                  0x080001b7   Thumb Code     0  startup_stm32f40_41xxx.o(.text)
    DMA1_Stream7_IRQHandler                  0x080001b7   Thumb Code     0  startup_stm32f40_41xxx.o(.text)
    DMA2_Stream0_IRQHandler                  0x080001b7   Thumb Code     0  startup_stm32f40_41xxx.o(.text)
    DMA2_Stream1_IRQHandler                  0x080001b7   Thumb Code     0  startup_stm32f40_41xxx.o(.text)
    DMA2_Stream2_IRQHandler                  0x080001b7   Thumb Code     0  startup_stm32f40_41xxx.o(.text)
    DMA2_Stream3_IRQHandler                  0x080001b7   Thumb Code     0  startup_stm32f40_41xxx.o(.text)
    DMA2_Stream4_IRQHandler                  0x080001b7   Thumb Code     0  startup_stm32f40_41xxx.o(.text)
    DMA2_Stream5_IRQHandler                  0x080001b7   Thumb Code     0  startup_stm32f40_41xxx.o(.text)
    DMA2_Stream6_IRQHandler                  0x080001b7   Thumb Code     0  startup_stm32f40_41xxx.o(.text)
    DMA2_Stream7_IRQHandler                  0x080001b7   Thumb Code     0  startup_stm32f40_41xxx.o(.text)
    ETH_IRQHandler                           0x080001b7   Thumb Code     0  startup_stm32f40_41xxx.o(.text)
    ETH_WKUP_IRQHandler                      0x080001b7   Thumb Code     0  startup_stm32f40_41xxx.o(.text)
    EXTI0_IRQHandler                         0x080001b7   Thumb Code     0  startup_stm32f40_41xxx.o(.text)
    EXTI15_10_IRQHandler                     0x080001b7   Thumb Code     0  startup_stm32f40_41xxx.o(.text)
    EXTI1_IRQHandler                         0x080001b7   Thumb Code     0  startup_stm32f40_41xxx.o(.text)
    EXTI2_IRQHandler                         0x080001b7   Thumb Code     0  startup_stm32f40_41xxx.o(.text)
    EXTI3_IRQHandler                         0x080001b7   Thumb Code     0  startup_stm32f40_41xxx.o(.text)
    EXTI4_IRQHandler                         0x080001b7   Thumb Code     0  startup_stm32f40_41xxx.o(.text)
    EXTI9_5_IRQHandler                       0x080001b7   Thumb Code     0  startup_stm32f40_41xxx.o(.text)
    FLASH_IRQHandler                         0x080001b7   Thumb Code     0  startup_stm32f40_41xxx.o(.text)
    FPU_IRQHandler                           0x080001b7   Thumb Code     0  startup_stm32f40_41xxx.o(.text)
    FSMC_IRQHandler                          0x080001b7   Thumb Code     0  startup_stm32f40_41xxx.o(.text)
    HASH_RNG_IRQHandler                      0x080001b7   Thumb Code     0  startup_stm32f40_41xxx.o(.text)
    I2C1_ER_IRQHandler                       0x080001b7   Thumb Code     0  startup_stm32f40_41xxx.o(.text)
    I2C1_EV_IRQHandler                       0x080001b7   Thumb Code     0  startup_stm32f40_41xxx.o(.text)
    I2C2_ER_IRQHandler                       0x080001b7   Thumb Code     0  startup_stm32f40_41xxx.o(.text)
    I2C2_EV_IRQHandler                       0x080001b7   Thumb Code     0  startup_stm32f40_41xxx.o(.text)
    I2C3_ER_IRQHandler                       0x080001b7   Thumb Code     0  startup_stm32f40_41xxx.o(.text)
    I2C3_EV_IRQHandler                       0x080001b7   Thumb Code     0  startup_stm32f40_41xxx.o(.text)
    OTG_FS_IRQHandler                        0x080001b7   Thumb Code     0  startup_stm32f40_41xxx.o(.text)
    OTG_FS_WKUP_IRQHandler                   0x080001b7   Thumb Code     0  startup_stm32f40_41xxx.o(.text)
    OTG_HS_EP1_IN_IRQHandler                 0x080001b7   Thumb Code     0  startup_stm32f40_41xxx.o(.text)
    OTG_HS_EP1_OUT_IRQHandler                0x080001b7   Thumb Code     0  startup_stm32f40_41xxx.o(.text)
    OTG_HS_IRQHandler                        0x080001b7   Thumb Code     0  startup_stm32f40_41xxx.o(.text)
    OTG_HS_WKUP_IRQHandler                   0x080001b7   Thumb Code     0  startup_stm32f40_41xxx.o(.text)
    PVD_IRQHandler                           0x080001b7   Thumb Code     0  startup_stm32f40_41xxx.o(.text)
    RCC_IRQHandler                           0x080001b7   Thumb Code     0  startup_stm32f40_41xxx.o(.text)
    RTC_Alarm_IRQHandler                     0x080001b7   Thumb Code     0  startup_stm32f40_41xxx.o(.text)
    RTC_WKUP_IRQHandler                      0x080001b7   Thumb Code     0  startup_stm32f40_41xxx.o(.text)
    SDIO_IRQHandler                          0x080001b7   Thumb Code     0  startup_stm32f40_41xxx.o(.text)
    SPI1_IRQHandler                          0x080001b7   Thumb Code     0  startup_stm32f40_41xxx.o(.text)
    SPI2_IRQHandler                          0x080001b7   Thumb Code     0  startup_stm32f40_41xxx.o(.text)
    SPI3_IRQHandler                          0x080001b7   Thumb Code     0  startup_stm32f40_41xxx.o(.text)
    TAMP_STAMP_IRQHandler                    0x080001b7   Thumb Code     0  startup_stm32f40_41xxx.o(.text)
    TIM1_BRK_TIM9_IRQHandler                 0x080001b7   Thumb Code     0  startup_stm32f40_41xxx.o(.text)
    TIM1_CC_IRQHandler                       0x080001b7   Thumb Code     0  startup_stm32f40_41xxx.o(.text)
    TIM1_TRG_COM_TIM11_IRQHandler            0x080001b7   Thumb Code     0  startup_stm32f40_41xxx.o(.text)
    TIM1_UP_TIM10_IRQHandler                 0x080001b7   Thumb Code     0  startup_stm32f40_41xxx.o(.text)
    TIM2_IRQHandler                          0x080001b7   Thumb Code     0  startup_stm32f40_41xxx.o(.text)
    TIM3_IRQHandler                          0x080001b7   Thumb Code     0  startup_stm32f40_41xxx.o(.text)
    TIM4_IRQHandler                          0x080001b7   Thumb Code     0  startup_stm32f40_41xxx.o(.text)
    TIM5_IRQHandler                          0x080001b7   Thumb Code     0  startup_stm32f40_41xxx.o(.text)
    TIM6_DAC_IRQHandler                      0x080001b7   Thumb Code     0  startup_stm32f40_41xxx.o(.text)
    TIM7_IRQHandler                          0x080001b7   Thumb Code     0  startup_stm32f40_41xxx.o(.text)
    TIM8_BRK_TIM12_IRQHandler                0x080001b7   Thumb Code     0  startup_stm32f40_41xxx.o(.text)
    TIM8_CC_IRQHandler                       0x080001b7   Thumb Code     0  startup_stm32f40_41xxx.o(.text)
    TIM8_TRG_COM_TIM14_IRQHandler            0x080001b7   Thumb Code     0  startup_stm32f40_41xxx.o(.text)
    TIM8_UP_TIM13_IRQHandler                 0x080001b7   Thumb Code     0  startup_stm32f40_41xxx.o(.text)
    UART4_IRQHandler                         0x080001b7   Thumb Code     0  startup_stm32f40_41xxx.o(.text)
    UART5_IRQHandler                         0x080001b7   Thumb Code     0  startup_stm32f40_41xxx.o(.text)
    USART2_IRQHandler                        0x080001b7   Thumb Code     0  startup_stm32f40_41xxx.o(.text)
    USART3_IRQHandler                        0x080001b7   Thumb Code     0  startup_stm32f40_41xxx.o(.text)
    USART6_IRQHandler                        0x080001b7   Thumb Code     0  startup_stm32f40_41xxx.o(.text)
    WWDG_IRQHandler                          0x080001b7   Thumb Code     0  startup_stm32f40_41xxx.o(.text)
    __aeabi_ldivmod                          0x080001c1   Thumb Code    98  ldiv.o(.text)
    __aeabi_memset                           0x08000223   Thumb Code    14  memseta.o(.text)
    __aeabi_memset4                          0x08000223   Thumb Code     0  memseta.o(.text)
    __aeabi_memset8                          0x08000223   Thumb Code     0  memseta.o(.text)
    __aeabi_memclr                           0x08000231   Thumb Code     4  memseta.o(.text)
    __aeabi_memclr4                          0x08000231   Thumb Code     0  memseta.o(.text)
    __aeabi_memclr8                          0x08000231   Thumb Code     0  memseta.o(.text)
    _memset$wrapper                          0x08000235   Thumb Code    18  memseta.o(.text)
    memcmp                                   0x08000247   Thumb Code    26  memcmp.o(.text)
    __aeabi_dadd                             0x08000261   Thumb Code   322  dadd.o(.text)
    __aeabi_dsub                             0x080003a3   Thumb Code     6  dadd.o(.text)
    __aeabi_drsub                            0x080003a9   Thumb Code     6  dadd.o(.text)
    __aeabi_dmul                             0x080003af   Thumb Code   228  dmul.o(.text)
    __aeabi_ddiv                             0x08000493   Thumb Code   222  ddiv.o(.text)
    __aeabi_i2d                              0x08000571   Thumb Code    34  dflti.o(.text)
    __aeabi_ui2d                             0x08000593   Thumb Code    26  dfltui.o(.text)
    __aeabi_d2uiz                            0x080005ad   Thumb Code    50  dfixui.o(.text)
    __aeabi_f2d                              0x080005df   Thumb Code    38  f2d.o(.text)
    __aeabi_d2f                              0x08000605   Thumb Code    56  d2f.o(.text)
    __aeabi_uldivmod                         0x0800063d   Thumb Code    98  uldiv.o(.text)
    __aeabi_llsl                             0x0800069f   Thumb Code    30  llshl.o(.text)
    _ll_shift_l                              0x0800069f   Thumb Code     0  llshl.o(.text)
    __aeabi_llsr                             0x080006bd   Thumb Code    32  llushr.o(.text)
    _ll_ushift_r                             0x080006bd   Thumb Code     0  llushr.o(.text)
    __aeabi_lasr                             0x080006dd   Thumb Code    36  llsshr.o(.text)
    _ll_sshift_r                             0x080006dd   Thumb Code     0  llsshr.o(.text)
    __I$use$fp                               0x08000701   Thumb Code     0  iusefp.o(.text)
    _float_round                             0x08000701   Thumb Code    18  fepilogue.o(.text)
    _float_epilogue                          0x08000713   Thumb Code    92  fepilogue.o(.text)
    _double_round                            0x0800076f   Thumb Code    30  depilogue.o(.text)
    _double_epilogue                         0x0800078d   Thumb Code   156  depilogue.o(.text)
    __scatterload                            0x08000829   Thumb Code    28  init.o(.text)
    __scatterload_rt2                        0x08000829   Thumb Code     0  init.o(.text)
    _dsqrt                                   0x0800084d   Thumb Code   162  dsqrt.o(.text)
    BusFault_Handler                         0x080008ef   Thumb Code     4  stm32f4xx_it.o(i.BusFault_Handler)
    DebugMon_Handler                         0x080008f3   Thumb Code     2  stm32f4xx_it.o(i.DebugMon_Handler)
    Delay_us                                 0x080008f5   Thumb Code    20  systick.o(i.Delay_us)
    FSMC_NORSRAMCmd                          0x0800090d   Thumb Code    46  stm32f4xx_fsmc.o(i.FSMC_NORSRAMCmd)
    FSMC_NORSRAMInit                         0x08000941   Thumb Code   230  stm32f4xx_fsmc.o(i.FSMC_NORSRAMInit)
    GPIO_Init                                0x08000a27   Thumb Code   144  stm32f4xx_gpio.o(i.GPIO_Init)
    GPIO_PinAFConfig                         0x08000ab7   Thumb Code    70  stm32f4xx_gpio.o(i.GPIO_PinAFConfig)
    HardFault_Handler                        0x08000afd   Thumb Code     4  stm32f4xx_it.o(i.HardFault_Handler)
    IIC_Ack                                  0x08000b01   Thumb Code    66  myiic.o(i.IIC_Ack)
    IIC_Init                                 0x08000b51   Thumb Code    62  myiic.o(i.IIC_Init)
    IIC_NAck                                 0x08000b9d   Thumb Code    66  myiic.o(i.IIC_NAck)
    IIC_Read_Byte                            0x08000bed   Thumb Code    94  myiic.o(i.IIC_Read_Byte)
    IIC_Send_Byte                            0x08000c59   Thumb Code    90  myiic.o(i.IIC_Send_Byte)
    IIC_Start                                0x08000cc1   Thumb Code    64  myiic.o(i.IIC_Start)
    IIC_Stop                                 0x08000d0d   Thumb Code    62  myiic.o(i.IIC_Stop)
    IIC_Wait_Ack                             0x08000d59   Thumb Code    82  myiic.o(i.IIC_Wait_Ack)
    LCD_Clear                                0x08000db9   Thumb Code   100  lcd.o(i.LCD_Clear)
    LCD_Display_Dir                          0x08000e25   Thumb Code   444  lcd.o(i.LCD_Display_Dir)
    LCD_Fast_DrawPoint                       0x08000fe5   Thumb Code   374  lcd.o(i.LCD_Fast_DrawPoint)
    LCD_Fill                                 0x08001165   Thumb Code   180  lcd.o(i.LCD_Fill)
    LCD_Init                                 0x0800121d   Thumb Code 14696  lcd.o(i.LCD_Init)
    LCD_Pow                                  0x08004b8d   Thumb Code    22  lcd.o(i.LCD_Pow)
    LCD_RD_DATA                              0x08004ba5   Thumb Code    14  lcd.o(i.LCD_RD_DATA)
    LCD_ReadReg                              0x08004bb9   Thumb Code    22  lcd.o(i.LCD_ReadReg)
    LCD_SSD_BackLightSet                     0x08004bd1   Thumb Code    88  lcd.o(i.LCD_SSD_BackLightSet)
    LCD_Scan_Dir                             0x08004c31   Thumb Code   744  lcd.o(i.LCD_Scan_Dir)
    LCD_SetCursor                            0x08004f1d   Thumb Code   418  lcd.o(i.LCD_SetCursor)
    LCD_ShowChar                             0x080050c5   Thumb Code   272  lcd.o(i.LCD_ShowChar)
    LCD_ShowNum                              0x080051ed   Thumb Code   148  lcd.o(i.LCD_ShowNum)
    LCD_ShowString                           0x08005281   Thumb Code   102  lcd.o(i.LCD_ShowString)
    LCD_WR_DATA                              0x080052e9   Thumb Code    18  lcd.o(i.LCD_WR_DATA)
    LCD_WR_REG                               0x08005301   Thumb Code    18  lcd.o(i.LCD_WR_REG)
    LCD_WriteRAM_Prepare                     0x08005319   Thumb Code    10  lcd.o(i.LCD_WriteRAM_Prepare)
    LCD_WriteReg                             0x0800532d   Thumb Code    14  lcd.o(i.LCD_WriteReg)
    MPU_Get_Accelerometer                    0x08005341   Thumb Code    80  mpu6050.o(i.MPU_Get_Accelerometer)
    MPU_Get_Gyroscope                        0x08005391   Thumb Code    80  mpu6050.o(i.MPU_Get_Gyroscope)
    MPU_Get_Temperature                      0x080053e1   Thumb Code   110  mpu6050.o(i.MPU_Get_Temperature)
    MPU_Init                                 0x08005465   Thumb Code   122  mpu6050.o(i.MPU_Init)
    MPU_Read_Byte                            0x080054df   Thumb Code    58  mpu6050.o(i.MPU_Read_Byte)
    MPU_Read_Len                             0x08005519   Thumb Code   116  mpu6050.o(i.MPU_Read_Len)
    MPU_Set_Accel_Fsr                        0x0800558d   Thumb Code    16  mpu6050.o(i.MPU_Set_Accel_Fsr)
    MPU_Set_Gyro_Fsr                         0x0800559d   Thumb Code    16  mpu6050.o(i.MPU_Set_Gyro_Fsr)
    MPU_Set_LPF                              0x080055ad   Thumb Code    58  mpu6050.o(i.MPU_Set_LPF)
    MPU_Set_Rate                             0x080055e7   Thumb Code    58  mpu6050.o(i.MPU_Set_Rate)
    MPU_Write_Byte                           0x08005621   Thumb Code    68  mpu6050.o(i.MPU_Write_Byte)
    MPU_Write_Len                            0x08005665   Thumb Code    96  mpu6050.o(i.MPU_Write_Len)
    MemManage_Handler                        0x080056c5   Thumb Code     4  stm32f4xx_it.o(i.MemManage_Handler)
    NMI_Handler                              0x080056c9   Thumb Code     2  stm32f4xx_it.o(i.NMI_Handler)
    NVIC_Init                                0x080056cd   Thumb Code   106  misc.o(i.NVIC_Init)
    NVIC_PriorityGroupConfig                 0x08005745   Thumb Code    10  misc.o(i.NVIC_PriorityGroupConfig)
    PendSV_Handler                           0x08005759   Thumb Code     2  stm32f4xx_it.o(i.PendSV_Handler)
    RCC_AHB1PeriphClockCmd                   0x0800575d   Thumb Code    26  stm32f4xx_rcc.o(i.RCC_AHB1PeriphClockCmd)
    RCC_AHB3PeriphClockCmd                   0x0800577d   Thumb Code    26  stm32f4xx_rcc.o(i.RCC_AHB3PeriphClockCmd)
    RCC_APB2PeriphClockCmd                   0x0800579d   Thumb Code    26  stm32f4xx_rcc.o(i.RCC_APB2PeriphClockCmd)
    RCC_GetClocksFreq                        0x080057bd   Thumb Code   214  stm32f4xx_rcc.o(i.RCC_GetClocksFreq)
    SVC_Handler                              0x080058a5   Thumb Code     2  stm32f4xx_it.o(i.SVC_Handler)
    SysTick_CLKSourceConfig                  0x08005995   Thumb Code    40  misc.o(i.SysTick_CLKSourceConfig)
    SysTick_Handler                          0x080059bd   Thumb Code     8  stm32f4xx_it.o(i.SysTick_Handler)
    SystemInit                               0x080059c5   Thumb Code    88  system_stm32f4xx.o(i.SystemInit)
    TimingDelay_Decrement                    0x08005a2d   Thumb Code    18  systick.o(i.TimingDelay_Decrement)
    USART1_IRQHandler                        0x08005a45   Thumb Code   122  usart.o(i.USART1_IRQHandler)
    USART_Cmd                                0x08005acd   Thumb Code    24  stm32f4xx_usart.o(i.USART_Cmd)
    USART_GetITStatus                        0x08005ae5   Thumb Code    84  stm32f4xx_usart.o(i.USART_GetITStatus)
    USART_ITConfig                           0x08005b39   Thumb Code    74  stm32f4xx_usart.o(i.USART_ITConfig)
    USART_Init                               0x08005b85   Thumb Code   204  stm32f4xx_usart.o(i.USART_Init)
    USART_ReceiveData                        0x08005c59   Thumb Code    10  stm32f4xx_usart.o(i.USART_ReceiveData)
    UsageFault_Handler                       0x08005c63   Thumb Code     4  stm32f4xx_it.o(i.UsageFault_Handler)
    __0printf$8                              0x08005c69   Thumb Code    22  printf8.o(i.__0printf$8)
    __1printf$8                              0x08005c69   Thumb Code     0  printf8.o(i.__0printf$8)
    __2printf                                0x08005c69   Thumb Code     0  printf8.o(i.__0printf$8)
    __ARM_fpclassify                         0x08005c89   Thumb Code    48  fpclassify.o(i.__ARM_fpclassify)
    __hardfp_asin                            0x08005cb9   Thumb Code   770  asin.o(i.__hardfp_asin)
    __hardfp_atan                            0x08006019   Thumb Code   622  atan.o(i.__hardfp_atan)
    __hardfp_atan2                           0x080062f1   Thumb Code   432  atan2.o(i.__hardfp_atan2)
    __kernel_poly                            0x080064e1   Thumb Code   248  poly.o(i.__kernel_poly)
    __mathlib_dbl_infnan                     0x080065d9   Thumb Code    20  dunder.o(i.__mathlib_dbl_infnan)
    __mathlib_dbl_infnan2                    0x080065ed   Thumb Code    20  dunder.o(i.__mathlib_dbl_infnan2)
    __mathlib_dbl_invalid                    0x08006601   Thumb Code    24  dunder.o(i.__mathlib_dbl_invalid)
    __mathlib_dbl_underflow                  0x08006621   Thumb Code    24  dunder.o(i.__mathlib_dbl_underflow)
    __scatterload_copy                       0x08006641   Thumb Code    14  handlers.o(i.__scatterload_copy)
    __scatterload_null                       0x0800664f   Thumb Code     2  handlers.o(i.__scatterload_null)
    __scatterload_zeroinit                   0x08006651   Thumb Code    14  handlers.o(i.__scatterload_zeroinit)
    __set_errno                              0x08006661   Thumb Code     6  errno.o(i.__set_errno)
    atan                                     0x08006b91   Thumb Code    16  atan.o(i.atan)
    delay_init                               0x08006c05   Thumb Code    52  delay.o(i.delay_init)
    delay_ms                                 0x08006c41   Thumb Code    56  delay.o(i.delay_ms)
    delay_us                                 0x08006c79   Thumb Code    72  delay.o(i.delay_us)
    delay_xms                                0x08006cc5   Thumb Code    72  delay.o(i.delay_xms)
    dmp_enable_6x_lp_quat                    0x08006d11   Thumb Code    60  inv_mpu_dmp_motion_driver.o(i.dmp_enable_6x_lp_quat)
    dmp_enable_feature                       0x08006d4d   Thumb Code   530  inv_mpu_dmp_motion_driver.o(i.dmp_enable_feature)
    dmp_enable_gyro_cal                      0x08006f69   Thumb Code    62  inv_mpu_dmp_motion_driver.o(i.dmp_enable_gyro_cal)
    dmp_enable_lp_quat                       0x08006fc1   Thumb Code    60  inv_mpu_dmp_motion_driver.o(i.dmp_enable_lp_quat)
    dmp_load_motion_driver_firmware          0x08006ffd   Thumb Code    20  inv_mpu_dmp_motion_driver.o(i.dmp_load_motion_driver_firmware)
    dmp_read_fifo                            0x08007015   Thumb Code   456  inv_mpu_dmp_motion_driver.o(i.dmp_read_fifo)
    dmp_set_accel_bias                       0x080071e1   Thumb Code   300  inv_mpu_dmp_motion_driver.o(i.dmp_set_accel_bias)
    dmp_set_fifo_rate                        0x08007311   Thumb Code    96  inv_mpu_dmp_motion_driver.o(i.dmp_set_fifo_rate)
    dmp_set_gyro_bias                        0x08007381   Thumb Code   294  inv_mpu_dmp_motion_driver.o(i.dmp_set_gyro_bias)
    dmp_set_orientation                      0x080074b1   Thumb Code   290  inv_mpu_dmp_motion_driver.o(i.dmp_set_orientation)
    dmp_set_shake_reject_thresh              0x080075e9   Thumb Code    56  inv_mpu_dmp_motion_driver.o(i.dmp_set_shake_reject_thresh)
    dmp_set_shake_reject_time                0x08007621   Thumb Code    38  inv_mpu_dmp_motion_driver.o(i.dmp_set_shake_reject_time)
    dmp_set_shake_reject_timeout             0x08007647   Thumb Code    38  inv_mpu_dmp_motion_driver.o(i.dmp_set_shake_reject_timeout)
    dmp_set_tap_axes                         0x0800766d   Thumb Code    70  inv_mpu_dmp_motion_driver.o(i.dmp_set_tap_axes)
    dmp_set_tap_count                        0x080076b3   Thumb Code    38  inv_mpu_dmp_motion_driver.o(i.dmp_set_tap_count)
    dmp_set_tap_thresh                       0x080076d9   Thumb Code   412  inv_mpu_dmp_motion_driver.o(i.dmp_set_tap_thresh)
    dmp_set_tap_time                         0x08007899   Thumb Code    38  inv_mpu_dmp_motion_driver.o(i.dmp_set_tap_time)
    dmp_set_tap_time_multi                   0x080078bf   Thumb Code    38  inv_mpu_dmp_motion_driver.o(i.dmp_set_tap_time_multi)
    fabs                                     0x080078e5   Thumb Code    24  fabs.o(i.fabs)
    fputc                                    0x080078fd   Thumb Code    22  usart.o(i.fputc)
    inv_orientation_matrix_to_scalar         0x08007f75   Thumb Code    40  inv_mpu.o(i.inv_orientation_matrix_to_scalar)
    inv_row_2_scale                          0x08007f9d   Thumb Code    78  inv_mpu.o(i.inv_row_2_scale)
    main                                     0x08007fed   Thumb Code   788  main.o(i.main)
    mget_ms                                  0x080083a9   Thumb Code     2  inv_mpu.o(i.mget_ms)
    mpu_configure_fifo                       0x080083ad   Thumb Code   106  inv_mpu.o(i.mpu_configure_fifo)
    mpu_dmp_get_data                         0x0800841d   Thumb Code   520  inv_mpu.o(i.mpu_dmp_get_data)
    mpu_dmp_init                             0x08008635   Thumb Code   150  inv_mpu.o(i.mpu_dmp_init)
    mpu_get_accel_fsr                        0x080086d1   Thumb Code    72  inv_mpu.o(i.mpu_get_accel_fsr)
    mpu_get_accel_sens                       0x0800871d   Thumb Code    78  inv_mpu.o(i.mpu_get_accel_sens)
    mpu_get_fifo_config                      0x08008771   Thumb Code    12  inv_mpu.o(i.mpu_get_fifo_config)
    mpu_get_gyro_fsr                         0x08008781   Thumb Code    64  inv_mpu.o(i.mpu_get_gyro_fsr)
    mpu_get_gyro_sens                        0x080087c5   Thumb Code    74  inv_mpu.o(i.mpu_get_gyro_sens)
    mpu_get_lpf                              0x08008825   Thumb Code    74  inv_mpu.o(i.mpu_get_lpf)
    mpu_get_sample_rate                      0x08008875   Thumb Code    26  inv_mpu.o(i.mpu_get_sample_rate)
    mpu_init                                 0x08008895   Thumb Code   416  inv_mpu.o(i.mpu_init)
    mpu_load_firmware                        0x08008a85   Thumb Code   180  inv_mpu.o(i.mpu_load_firmware)
    mpu_lp_accel_mode                        0x08008b3d   Thumb Code   218  inv_mpu.o(i.mpu_lp_accel_mode)
    mpu_read_fifo_stream                     0x08008c1d   Thumb Code   186  inv_mpu.o(i.mpu_read_fifo_stream)
    mpu_read_mem                             0x08008cdd   Thumb Code   122  inv_mpu.o(i.mpu_read_mem)
    mpu_reset_fifo                           0x08008d5d   Thumb Code   450  inv_mpu.o(i.mpu_reset_fifo)
    mpu_run_self_test                        0x08008f25   Thumb Code   278  inv_mpu.o(i.mpu_run_self_test)
    mpu_set_accel_fsr                        0x08009041   Thumb Code   126  inv_mpu.o(i.mpu_set_accel_fsr)
    mpu_set_bypass                           0x080090c5   Thumb Code   328  inv_mpu.o(i.mpu_set_bypass)
    mpu_set_dmp_state                        0x08009211   Thumb Code   138  inv_mpu.o(i.mpu_set_dmp_state)
    mpu_set_gyro_fsr                         0x080092a1   Thumb Code   132  inv_mpu.o(i.mpu_set_gyro_fsr)
    mpu_set_int_latched                      0x08009329   Thumb Code   102  inv_mpu.o(i.mpu_set_int_latched)
    mpu_set_lpf                              0x08009395   Thumb Code   126  inv_mpu.o(i.mpu_set_lpf)
    mpu_set_sample_rate                      0x08009419   Thumb Code   152  inv_mpu.o(i.mpu_set_sample_rate)
    mpu_set_sensors                          0x080094b5   Thumb Code   202  inv_mpu.o(i.mpu_set_sensors)
    mpu_write_mem                            0x08009585   Thumb Code   122  inv_mpu.o(i.mpu_write_mem)
    run_self_test                            0x08009605   Thumb Code   154  inv_mpu.o(i.run_self_test)
    sqrt                                     0x08009731   Thumb Code   110  sqrt.o(i.sqrt)
    uart_init                                0x080097a1   Thumb Code   164  usart.o(i.uart_init)
    reg                                      0x0800984c   Data          27  inv_mpu.o(.constdata)
    hw                                       0x08009868   Data          12  inv_mpu.o(.constdata)
    test                                     0x08009874   Data          40  inv_mpu.o(.constdata)
    asc2_1206                                0x0800a492   Data        1140  lcd.o(.constdata)
    asc2_1608                                0x0800a906   Data        1520  lcd.o(.constdata)
    asc2_2412                                0x0800aef6   Data        3420  lcd.o(.constdata)
    __mathlib_zero                           0x0800bd40   Data           8  qnan.o(.constdata)
    Region$$Table$$Base                      0x0800bd98   Number         0  anon$$obj.o(Region$$Table)
    Region$$Table$$Limit                     0x0800bdb8   Number         0  anon$$obj.o(Region$$Table)
    __stdout                                 0x20000050   Data           4  usart.o(.data)
    USART_RX_STA                             0x20000054   Data           2  usart.o(.data)
    POINT_COLOR                              0x20000056   Data           2  lcd.o(.data)
    BACK_COLOR                               0x20000058   Data           2  lcd.o(.data)
    USART_RX_BUF                             0x20000070   Data         200  usart.o(.bss)
    lcddev                                   0x20000138   Data          14  lcd.o(.bss)
    __initial_sp                             0x20000548   Data           0  startup_stm32f40_41xxx.o(STACK)



==============================================================================

Memory Map of the image

  Image Entry point : 0x08000189

  Load Region LR_IROM1 (Base: 0x08000000, Size: 0x0000be18, Max: 0x00100000, ABSOLUTE)

    Execution Region ER_IROM1 (Base: 0x08000000, Size: 0x0000bdb8, Max: 0x00100000, ABSOLUTE)

    Base Addr    Size         Type   Attr      Idx    E Section Name        Object

    0x08000000   0x00000188   Data   RO            3    RESET               startup_stm32f40_41xxx.o
    0x08000188   0x00000000   Code   RO         6079  * .ARM.Collect$$$$00000000  mc_w.l(entry.o)
    0x08000188   0x00000004   Code   RO         6416    .ARM.Collect$$$$00000001  mc_w.l(entry2.o)
    0x0800018c   0x00000004   Code   RO         6419    .ARM.Collect$$$$00000004  mc_w.l(entry5.o)
    0x08000190   0x00000000   Code   RO         6421    .ARM.Collect$$$$00000008  mc_w.l(entry7b.o)
    0x08000190   0x00000000   Code   RO         6423    .ARM.Collect$$$$0000000A  mc_w.l(entry8b.o)
    0x08000190   0x00000008   Code   RO         6424    .ARM.Collect$$$$0000000B  mc_w.l(entry9a.o)
    0x08000198   0x00000000   Code   RO         6426    .ARM.Collect$$$$0000000D  mc_w.l(entry10a.o)
    0x08000198   0x00000000   Code   RO         6428    .ARM.Collect$$$$0000000F  mc_w.l(entry11a.o)
    0x08000198   0x00000004   Code   RO         6417    .ARM.Collect$$$$00002712  mc_w.l(entry2.o)
    0x0800019c   0x00000024   Code   RO            4    .text               startup_stm32f40_41xxx.o
    0x080001c0   0x00000062   Code   RO         6082    .text               mc_w.l(ldiv.o)
    0x08000222   0x00000024   Code   RO         6084    .text               mc_w.l(memseta.o)
    0x08000246   0x0000001a   Code   RO         6086    .text               mc_w.l(memcmp.o)
    0x08000260   0x0000014e   Code   RO         6349    .text               mf_w.l(dadd.o)
    0x080003ae   0x000000e4   Code   RO         6351    .text               mf_w.l(dmul.o)
    0x08000492   0x000000de   Code   RO         6353    .text               mf_w.l(ddiv.o)
    0x08000570   0x00000022   Code   RO         6355    .text               mf_w.l(dflti.o)
    0x08000592   0x0000001a   Code   RO         6357    .text               mf_w.l(dfltui.o)
    0x080005ac   0x00000032   Code   RO         6359    .text               mf_w.l(dfixui.o)
    0x080005de   0x00000026   Code   RO         6361    .text               mf_w.l(f2d.o)
    0x08000604   0x00000038   Code   RO         6363    .text               mf_w.l(d2f.o)
    0x0800063c   0x00000062   Code   RO         6432    .text               mc_w.l(uldiv.o)
    0x0800069e   0x0000001e   Code   RO         6434    .text               mc_w.l(llshl.o)
    0x080006bc   0x00000020   Code   RO         6436    .text               mc_w.l(llushr.o)
    0x080006dc   0x00000024   Code   RO         6438    .text               mc_w.l(llsshr.o)
    0x08000700   0x00000000   Code   RO         6447    .text               mc_w.l(iusefp.o)
    0x08000700   0x0000006e   Code   RO         6448    .text               mf_w.l(fepilogue.o)
    0x0800076e   0x000000ba   Code   RO         6450    .text               mf_w.l(depilogue.o)
    0x08000828   0x00000024   Code   RO         6458    .text               mc_w.l(init.o)
    0x0800084c   0x000000a2   Code   RO         6460    .text               mf_w.l(dsqrt.o)
    0x080008ee   0x00000004   Code   RO         4940    i.BusFault_Handler  stm32f4xx_it.o
    0x080008f2   0x00000002   Code   RO         4941    i.DebugMon_Handler  stm32f4xx_it.o
    0x080008f4   0x00000018   Code   RO         5011    i.Delay_us          systick.o
    0x0800090c   0x00000034   Code   RO         1756    i.FSMC_NORSRAMCmd   stm32f4xx_fsmc.o
    0x08000940   0x000000e6   Code   RO         1758    i.FSMC_NORSRAMInit  stm32f4xx_fsmc.o
    0x08000a26   0x00000090   Code   RO         1877    i.GPIO_Init         stm32f4xx_gpio.o
    0x08000ab6   0x00000046   Code   RO         1878    i.GPIO_PinAFConfig  stm32f4xx_gpio.o
    0x08000afc   0x00000004   Code   RO         4942    i.HardFault_Handler  stm32f4xx_it.o
    0x08000b00   0x00000050   Code   RO         5993    i.IIC_Ack           myiic.o
    0x08000b50   0x0000004c   Code   RO         5994    i.IIC_Init          myiic.o
    0x08000b9c   0x00000050   Code   RO         5995    i.IIC_NAck          myiic.o
    0x08000bec   0x0000006c   Code   RO         5996    i.IIC_Read_Byte     myiic.o
    0x08000c58   0x00000068   Code   RO         5997    i.IIC_Send_Byte     myiic.o
    0x08000cc0   0x0000004c   Code   RO         5998    i.IIC_Start         myiic.o
    0x08000d0c   0x0000004c   Code   RO         5999    i.IIC_Stop          myiic.o
    0x08000d58   0x00000060   Code   RO         6000    i.IIC_Wait_Ack      myiic.o
    0x08000db8   0x0000006c   Code   RO         5776    i.LCD_Clear         lcd.o
    0x08000e24   0x000001c0   Code   RO         5780    i.LCD_Display_Dir   lcd.o
    0x08000fe4   0x00000180   Code   RO         5785    i.LCD_Fast_DrawPoint  lcd.o
    0x08001164   0x000000b8   Code   RO         5786    i.LCD_Fill          lcd.o
    0x0800121c   0x00003970   Code   RO         5787    i.LCD_Init          lcd.o
    0x08004b8c   0x00000016   Code   RO         5788    i.LCD_Pow           lcd.o
    0x08004ba2   0x00000002   PAD
    0x08004ba4   0x00000014   Code   RO         5789    i.LCD_RD_DATA       lcd.o
    0x08004bb8   0x00000016   Code   RO         5791    i.LCD_ReadReg       lcd.o
    0x08004bce   0x00000002   PAD
    0x08004bd0   0x00000060   Code   RO         5792    i.LCD_SSD_BackLightSet  lcd.o
    0x08004c30   0x000002ec   Code   RO         5793    i.LCD_Scan_Dir      lcd.o
    0x08004f1c   0x000001a8   Code   RO         5794    i.LCD_SetCursor     lcd.o
    0x080050c4   0x00000128   Code   RO         5796    i.LCD_ShowChar      lcd.o
    0x080051ec   0x00000094   Code   RO         5797    i.LCD_ShowNum       lcd.o
    0x08005280   0x00000066   Code   RO         5798    i.LCD_ShowString    lcd.o
    0x080052e6   0x00000002   PAD
    0x080052e8   0x00000018   Code   RO         5800    i.LCD_WR_DATA       lcd.o
    0x08005300   0x00000018   Code   RO         5801    i.LCD_WR_REG        lcd.o
    0x08005318   0x00000014   Code   RO         5803    i.LCD_WriteRAM_Prepare  lcd.o
    0x0800532c   0x00000014   Code   RO         5804    i.LCD_WriteReg      lcd.o
    0x08005340   0x00000050   Code   RO         5049    i.MPU_Get_Accelerometer  mpu6050.o
    0x08005390   0x00000050   Code   RO         5050    i.MPU_Get_Gyroscope  mpu6050.o
    0x080053e0   0x00000084   Code   RO         5051    i.MPU_Get_Temperature  mpu6050.o
    0x08005464   0x0000007a   Code   RO         5052    i.MPU_Init          mpu6050.o
    0x080054de   0x0000003a   Code   RO         5053    i.MPU_Read_Byte     mpu6050.o
    0x08005518   0x00000074   Code   RO         5054    i.MPU_Read_Len      mpu6050.o
    0x0800558c   0x00000010   Code   RO         5055    i.MPU_Set_Accel_Fsr  mpu6050.o
    0x0800559c   0x00000010   Code   RO         5056    i.MPU_Set_Gyro_Fsr  mpu6050.o
    0x080055ac   0x0000003a   Code   RO         5057    i.MPU_Set_LPF       mpu6050.o
    0x080055e6   0x0000003a   Code   RO         5058    i.MPU_Set_Rate      mpu6050.o
    0x08005620   0x00000044   Code   RO         5059    i.MPU_Write_Byte    mpu6050.o
    0x08005664   0x00000060   Code   RO         5060    i.MPU_Write_Len     mpu6050.o
    0x080056c4   0x00000004   Code   RO         4943    i.MemManage_Handler  stm32f4xx_it.o
    0x080056c8   0x00000002   Code   RO         4944    i.NMI_Handler       stm32f4xx_it.o
    0x080056ca   0x00000002   PAD
    0x080056cc   0x00000078   Code   RO          150    i.NVIC_Init         misc.o
    0x08005744   0x00000014   Code   RO          151    i.NVIC_PriorityGroupConfig  misc.o
    0x08005758   0x00000002   Code   RO         4945    i.PendSV_Handler    stm32f4xx_it.o
    0x0800575a   0x00000002   PAD
    0x0800575c   0x00000020   Code   RO         2741    i.RCC_AHB1PeriphClockCmd  stm32f4xx_rcc.o
    0x0800577c   0x00000020   Code   RO         2747    i.RCC_AHB3PeriphClockCmd  stm32f4xx_rcc.o
    0x0800579c   0x00000020   Code   RO         2753    i.RCC_APB2PeriphClockCmd  stm32f4xx_rcc.o
    0x080057bc   0x000000e8   Code   RO         2762    i.RCC_GetClocksFreq  stm32f4xx_rcc.o
    0x080058a4   0x00000002   Code   RO         4946    i.SVC_Handler       stm32f4xx_it.o
    0x080058a6   0x00000002   PAD
    0x080058a8   0x000000ec   Code   RO           12    i.SetSysClock       system_stm32f4xx.o
    0x08005994   0x00000028   Code   RO          154    i.SysTick_CLKSourceConfig  misc.o
    0x080059bc   0x00000008   Code   RO         4947    i.SysTick_Handler   stm32f4xx_it.o
    0x080059c4   0x00000068   Code   RO           14    i.SystemInit        system_stm32f4xx.o
    0x08005a2c   0x00000018   Code   RO         5012    i.TimingDelay_Decrement  systick.o
    0x08005a44   0x00000088   Code   RO         5726    i.USART1_IRQHandler  usart.o
    0x08005acc   0x00000018   Code   RO         4638    i.USART_Cmd         stm32f4xx_usart.o
    0x08005ae4   0x00000054   Code   RO         4642    i.USART_GetITStatus  stm32f4xx_usart.o
    0x08005b38   0x0000004a   Code   RO         4644    i.USART_ITConfig    stm32f4xx_usart.o
    0x08005b82   0x00000002   PAD
    0x08005b84   0x000000d4   Code   RO         4645    i.USART_Init        stm32f4xx_usart.o
    0x08005c58   0x0000000a   Code   RO         4652    i.USART_ReceiveData  stm32f4xx_usart.o
    0x08005c62   0x00000004   Code   RO         4948    i.UsageFault_Handler  stm32f4xx_it.o
    0x08005c66   0x00000002   PAD
    0x08005c68   0x00000020   Code   RO         6295    i.__0printf$8       mc_w.l(printf8.o)
    0x08005c88   0x00000030   Code   RO         6399    i.__ARM_fpclassify  m_wm.l(fpclassify.o)
    0x08005cb8   0x00000360   Code   RO         6053    i.__hardfp_asin     m_wm.l(asin.o)
    0x08006018   0x000002d8   Code   RO         6365    i.__hardfp_atan     m_wm.l(atan.o)
    0x080062f0   0x000001f0   Code   RO         6067    i.__hardfp_atan2    m_wm.l(atan2.o)
    0x080064e0   0x000000f8   Code   RO         6401    i.__kernel_poly     m_wm.l(poly.o)
    0x080065d8   0x00000014   Code   RO         6380    i.__mathlib_dbl_infnan  m_wm.l(dunder.o)
    0x080065ec   0x00000014   Code   RO         6381    i.__mathlib_dbl_infnan2  m_wm.l(dunder.o)
    0x08006600   0x00000020   Code   RO         6382    i.__mathlib_dbl_invalid  m_wm.l(dunder.o)
    0x08006620   0x00000020   Code   RO         6385    i.__mathlib_dbl_underflow  m_wm.l(dunder.o)
    0x08006640   0x0000000e   Code   RO         6466    i.__scatterload_copy  mc_w.l(handlers.o)
    0x0800664e   0x00000002   Code   RO         6467    i.__scatterload_null  mc_w.l(handlers.o)
    0x08006650   0x0000000e   Code   RO         6468    i.__scatterload_zeroinit  mc_w.l(handlers.o)
    0x0800665e   0x00000002   PAD
    0x08006660   0x0000000c   Code   RO         6442    i.__set_errno       mc_w.l(errno.o)
    0x0800666c   0x00000410   Code   RO         6302    i._printf_core      mc_w.l(printf8.o)
    0x08006a7c   0x00000024   Code   RO         6303    i._printf_post_padding  mc_w.l(printf8.o)
    0x08006aa0   0x0000002e   Code   RO         6304    i._printf_pre_padding  mc_w.l(printf8.o)
    0x08006ace   0x00000002   PAD
    0x08006ad0   0x000000c0   Code   RO         5135    i.accel_self_test   inv_mpu.o
    0x08006b90   0x00000010   Code   RO         6367    i.atan              m_wm.l(atan.o)
    0x08006ba0   0x00000064   Code   RO         5474    i.decode_gesture    inv_mpu_dmp_motion_driver.o
    0x08006c04   0x0000003c   Code   RO         5668    i.delay_init        delay.o
    0x08006c40   0x00000038   Code   RO         5669    i.delay_ms          delay.o
    0x08006c78   0x0000004c   Code   RO         5670    i.delay_us          delay.o
    0x08006cc4   0x0000004c   Code   RO         5671    i.delay_xms         delay.o
    0x08006d10   0x0000003c   Code   RO         5475    i.dmp_enable_6x_lp_quat  inv_mpu_dmp_motion_driver.o
    0x08006d4c   0x0000021c   Code   RO         5476    i.dmp_enable_feature  inv_mpu_dmp_motion_driver.o
    0x08006f68   0x00000058   Code   RO         5477    i.dmp_enable_gyro_cal  inv_mpu_dmp_motion_driver.o
    0x08006fc0   0x0000003c   Code   RO         5478    i.dmp_enable_lp_quat  inv_mpu_dmp_motion_driver.o
    0x08006ffc   0x00000018   Code   RO         5483    i.dmp_load_motion_driver_firmware  inv_mpu_dmp_motion_driver.o
    0x08007014   0x000001cc   Code   RO         5484    i.dmp_read_fifo     inv_mpu_dmp_motion_driver.o
    0x080071e0   0x00000130   Code   RO         5487    i.dmp_set_accel_bias  inv_mpu_dmp_motion_driver.o
    0x08007310   0x00000070   Code   RO         5488    i.dmp_set_fifo_rate  inv_mpu_dmp_motion_driver.o
    0x08007380   0x00000130   Code   RO         5489    i.dmp_set_gyro_bias  inv_mpu_dmp_motion_driver.o
    0x080074b0   0x00000138   Code   RO         5491    i.dmp_set_orientation  inv_mpu_dmp_motion_driver.o
    0x080075e8   0x00000038   Code   RO         5494    i.dmp_set_shake_reject_thresh  inv_mpu_dmp_motion_driver.o
    0x08007620   0x00000026   Code   RO         5495    i.dmp_set_shake_reject_time  inv_mpu_dmp_motion_driver.o
    0x08007646   0x00000026   Code   RO         5496    i.dmp_set_shake_reject_timeout  inv_mpu_dmp_motion_driver.o
    0x0800766c   0x00000046   Code   RO         5497    i.dmp_set_tap_axes  inv_mpu_dmp_motion_driver.o
    0x080076b2   0x00000026   Code   RO         5498    i.dmp_set_tap_count  inv_mpu_dmp_motion_driver.o
    0x080076d8   0x000001c0   Code   RO         5499    i.dmp_set_tap_thresh  inv_mpu_dmp_motion_driver.o
    0x08007898   0x00000026   Code   RO         5500    i.dmp_set_tap_time  inv_mpu_dmp_motion_driver.o
    0x080078be   0x00000026   Code   RO         5501    i.dmp_set_tap_time_multi  inv_mpu_dmp_motion_driver.o
    0x080078e4   0x00000018   Code   RO         6395    i.fabs              m_wm.l(fabs.o)
    0x080078fc   0x0000001c   Code   RO         5728    i.fputc             usart.o
    0x08007918   0x000000d0   Code   RO         5136    i.get_accel_prod_shift  inv_mpu.o
    0x080079e8   0x00000470   Code   RO         5137    i.get_st_biases     inv_mpu.o
    0x08007e58   0x0000011c   Code   RO         5138    i.gyro_self_test    inv_mpu.o
    0x08007f74   0x00000028   Code   RO         5139    i.inv_orientation_matrix_to_scalar  inv_mpu.o
    0x08007f9c   0x0000004e   Code   RO         5140    i.inv_row_2_scale   inv_mpu.o
    0x08007fea   0x00000002   PAD
    0x08007fec   0x000003bc   Code   RO         4884    i.main              main.o
    0x080083a8   0x00000002   Code   RO         5141    i.mget_ms           inv_mpu.o
    0x080083aa   0x00000002   PAD
    0x080083ac   0x00000070   Code   RO         5142    i.mpu_configure_fifo  inv_mpu.o
    0x0800841c   0x00000218   Code   RO         5143    i.mpu_dmp_get_data  inv_mpu.o
    0x08008634   0x0000009c   Code   RO         5144    i.mpu_dmp_init      inv_mpu.o
    0x080086d0   0x0000004c   Code   RO         5145    i.mpu_get_accel_fsr  inv_mpu.o
    0x0800871c   0x00000054   Code   RO         5147    i.mpu_get_accel_sens  inv_mpu.o
    0x08008770   0x00000010   Code   RO         5152    i.mpu_get_fifo_config  inv_mpu.o
    0x08008780   0x00000044   Code   RO         5153    i.mpu_get_gyro_fsr  inv_mpu.o
    0x080087c4   0x00000060   Code   RO         5155    i.mpu_get_gyro_sens  inv_mpu.o
    0x08008824   0x00000050   Code   RO         5157    i.mpu_get_lpf       inv_mpu.o
    0x08008874   0x00000020   Code   RO         5159    i.mpu_get_sample_rate  inv_mpu.o
    0x08008894   0x000001f0   Code   RO         5161    i.mpu_init          inv_mpu.o
    0x08008a84   0x000000b8   Code   RO         5162    i.mpu_load_firmware  inv_mpu.o
    0x08008b3c   0x000000e0   Code   RO         5163    i.mpu_lp_accel_mode  inv_mpu.o
    0x08008c1c   0x000000c0   Code   RO         5166    i.mpu_read_fifo_stream  inv_mpu.o
    0x08008cdc   0x00000080   Code   RO         5167    i.mpu_read_mem      inv_mpu.o
    0x08008d5c   0x000001c8   Code   RO         5170    i.mpu_reset_fifo    inv_mpu.o
    0x08008f24   0x0000011c   Code   RO         5171    i.mpu_run_self_test  inv_mpu.o
    0x08009040   0x00000084   Code   RO         5173    i.mpu_set_accel_fsr  inv_mpu.o
    0x080090c4   0x0000014c   Code   RO         5174    i.mpu_set_bypass    inv_mpu.o
    0x08009210   0x00000090   Code   RO         5176    i.mpu_set_dmp_state  inv_mpu.o
    0x080092a0   0x00000088   Code   RO         5177    i.mpu_set_gyro_fsr  inv_mpu.o
    0x08009328   0x0000006c   Code   RO         5178    i.mpu_set_int_latched  inv_mpu.o
    0x08009394   0x00000084   Code   RO         5180    i.mpu_set_lpf       inv_mpu.o
    0x08009418   0x0000009c   Code   RO         5181    i.mpu_set_sample_rate  inv_mpu.o
    0x080094b4   0x000000d0   Code   RO         5182    i.mpu_set_sensors   inv_mpu.o
    0x08009584   0x00000080   Code   RO         5183    i.mpu_write_mem     inv_mpu.o
    0x08009604   0x0000009a   Code   RO         5184    i.run_self_test     inv_mpu.o
    0x0800969e   0x00000002   PAD
    0x080096a0   0x00000090   Code   RO         5185    i.set_int_enable    inv_mpu.o
    0x08009730   0x0000006e   Code   RO         6406    i.sqrt              m_wm.l(sqrt.o)
    0x0800979e   0x00000002   PAD
    0x080097a0   0x000000ac   Code   RO         5729    i.uart_init         usart.o
    0x0800984c   0x00000050   Data   RO         5187    .constdata          inv_mpu.o
    0x0800989c   0x00000bf6   Data   RO         5503    .constdata          inv_mpu_dmp_motion_driver.o
    0x0800a492   0x000017c0   Data   RO         5807    .constdata          lcd.o
    0x0800bc52   0x00000006   PAD
    0x0800bc58   0x00000050   Data   RO         6056    .constdata          m_wm.l(asin.o)
    0x0800bca8   0x00000098   Data   RO         6368    .constdata          m_wm.l(atan.o)
    0x0800bd40   0x00000008   Data   RO         6403    .constdata          m_wm.l(qnan.o)
    0x0800bd48   0x0000004d   Data   RO         5188    .conststring        inv_mpu.o
    0x0800bd95   0x00000003   PAD
    0x0800bd98   0x00000020   Data   RO         6464    Region$$Table       anon$$obj.o


    Execution Region RW_IRAM1 (Base: 0x20000000, Size: 0x00000548, Max: 0x00020000, ABSOLUTE)

    Base Addr    Size         Type   Attr      Idx    E Section Name        Object

    0x20000000   0x00000010   Data   RW         2794    .data               stm32f4xx_rcc.o
    0x20000010   0x00000004   Data   RW         5014    .data               systick.o
    0x20000014   0x00000035   Data   RW         5189    .data               inv_mpu.o
    0x20000049   0x00000001   PAD
    0x2000004a   0x00000004   Data   RW         5672    .data               delay.o
    0x2000004e   0x00000002   PAD
    0x20000050   0x00000006   Data   RW         5731    .data               usart.o
    0x20000056   0x00000004   Data   RW         5808    .data               lcd.o
    0x2000005a   0x00000002   PAD
    0x2000005c   0x00000004   Data   RW         6443    .data               mc_w.l(errno.o)
    0x20000060   0x00000010   Zero   RW         5502    .bss                inv_mpu_dmp_motion_driver.o
    0x20000070   0x000000c8   Zero   RW         5730    .bss                usart.o
    0x20000138   0x0000000e   Zero   RW         5806    .bss                lcd.o
    0x20000146   0x00000002   PAD
    0x20000148   0x00000400   Zero   RW            1    STACK               startup_stm32f40_41xxx.o


==============================================================================

Image component sizes


      Code (inc. data)   RO Data    RW Data    ZI Data      Debug   Object Name

       268         16          0          4          0       2335   delay.o
      6934        320        157         53          0      31068   inv_mpu.o
      3128        138       3062          0         16      20634   inv_mpu_dmp_motion_driver.o
     17794        210       6080          4         14      22554   lcd.o
       956        168          0          0          0        879   main.o
       180         24          0          0          0       2069   misc.o
       900         22          0          0          0       8081   mpu6050.o
       696        110          0          0          0       4258   myiic.o
        36          8        392          0       1024        864   startup_stm32f40_41xxx.o
       282          6          0          0          0       1813   stm32f4xx_fsmc.o
       214          0          0          0          0       1747   stm32f4xx_gpio.o
        32          0          0          0          0       4014   stm32f4xx_it.o
       328         36          0         16          0       4579   stm32f4xx_rcc.o
       404          8          0          0          0       4186   stm32f4xx_usart.o
       340         32          0          0          0     271329   system_stm32f4xx.o
        48         10          0          4          0       1391   systick.o
       336         28          0          6        200       3616   usart.o

    ----------------------------------------------------------------------
     32898       1136       9732         92       1256     385417   Object Totals
         0          0         32          0          0          0   (incl. Generated)
        22          0          9          5          2          0   (incl. Padding)

    ----------------------------------------------------------------------

      Code (inc. data)   RO Data    RW Data    ZI Data      Debug   Library Member Name

       864         94         80          0          0        280   asin.o
       744        106        152          0          0        352   atan.o
       496         64          0          0          0        192   atan2.o
       104         16          0          0          0        496   dunder.o
        24          0          0          0          0        124   fabs.o
        48          0          0          0          0        124   fpclassify.o
       248          0          0          0          0        152   poly.o
         0          0          8          0          0          0   qnan.o
       110          0          0          0          0        148   sqrt.o
         0          0          0          0          0          0   entry.o
         0          0          0          0          0          0   entry10a.o
         0          0          0          0          0          0   entry11a.o
         8          4          0          0          0          0   entry2.o
         4          0          0          0          0          0   entry5.o
         0          0          0          0          0          0   entry7b.o
         0          0          0          0          0          0   entry8b.o
         8          4          0          0          0          0   entry9a.o
        12          6          0          4          0         68   errno.o
        30          0          0          0          0          0   handlers.o
        36          8          0          0          0         68   init.o
         0          0          0          0          0          0   iusefp.o
        98          0          0          0          0         84   ldiv.o
        30          0          0          0          0         68   llshl.o
        36          0          0          0          0         68   llsshr.o
        32          0          0          0          0         68   llushr.o
        26          0          0          0          0         80   memcmp.o
        36          0          0          0          0        108   memseta.o
      1154         54          0          0          0        352   printf8.o
        98          0          0          0          0         92   uldiv.o
        56          0          0          0          0         88   d2f.o
       334          0          0          0          0        148   dadd.o
       222          0          0          0          0        100   ddiv.o
       186          0          0          0          0        176   depilogue.o
        50          0          0          0          0         76   dfixui.o
        34          0          0          0          0         76   dflti.o
        26          0          0          0          0         76   dfltui.o
       228          0          0          0          0         96   dmul.o
       162          0          0          0          0        100   dsqrt.o
        38          0          0          0          0         68   f2d.o
       110          0          0          0          0        168   fepilogue.o

    ----------------------------------------------------------------------
      5698        356        240          4          0       4096   Library Totals
         6          0          0          0          0          0   (incl. Padding)

    ----------------------------------------------------------------------

      Code (inc. data)   RO Data    RW Data    ZI Data      Debug   Library Name

      2638        280        240          0          0       1868   m_wm.l
      1608         76          0          4          0       1056   mc_w.l
      1446          0          0          0          0       1172   mf_w.l

    ----------------------------------------------------------------------
      5698        356        240          4          0       4096   Library Totals

    ----------------------------------------------------------------------

==============================================================================


      Code (inc. data)   RO Data    RW Data    ZI Data      Debug   

     38596       1492       9972         96       1256     375425   Grand Totals
     38596       1492       9972         96       1256     375425   ELF Image Totals
     38596       1492       9972         96          0          0   ROM Totals

==============================================================================

    Total RO  Size (Code + RO Data)                48568 (  47.43kB)
    Total RW  Size (RW Data + ZI Data)              1352 (   1.32kB)
    Total ROM Size (Code + RO Data + RW Data)      48664 (  47.52kB)

==============================================================================

